
 Start  Stop   Length Name                   Class                  Group
 00000H 005C9H 005CAH DBTMEMO1_TEXT          CODE
 005CAH 00638H 0006FH SIXUK_TEXT             CODE
 00639H 00DFDH 007C5H NATION_TEXT            CODE
 00DFEH 018B4H 00AB7H GAS_PROG               CODE
 018B5H 04814H 02F60H _TEXT                  CODE
 04816H 04816H 00000H SORTBLOC_TEXT          CODE
 04816H 04B02H 002EDH ASUPPORT_TEXT          CODE
 04B03H 0509BH 00599H FILESYS_TEXT           CODE
 0509CH 058FFH 00864H DATE_TEXT              CODE
 05900H 05951H 00052H OSDATE_TEXT            CODE
 05952H 06265H 00914H TXOPEN_TEXT            CODE
 06266H 06781H 0051CH DVC_TEXT               CODE
 06782H 067B1H 00030H HARDINIT_TEXT          CODE
 067B2H 0682DH 0007CH MAIN_TEXT              CODE
 0682EH 06AADH 00280H UPREF_TEXT             CODE
 06AAEH 06AE5H 00038H SYSCALL_TEXT           CODE
 06AE6H 06EAEH 003C9H EVENT_DRIVER_TEXT      CODE
 06EB0H 07D27H 00E78H EVENT_TEXT             CODE
 07D28H 08179H 00452H DYNC_TEXT              CODE
 0817AH 081BBH 00042H DYNA_TEXT              CODE
 081BCH 0820CH 00051H WEEDBED_TEXT           CODE
 0820EH 0891FH 00712H SYMSYS_TEXT            CODE
 08920H 0BBA1H 03282H OM_TEXT                CODE
 0BBA2H 0D6FBH 01B5AH STACK_TEXT             CODE
 0D6FCH 0DBCDH 004D2H FIELD_TEXT             CODE
 0DBCEH 0E54BH 0097EH EXTEND_TEXT            CODE
 0E54CH 0E707H 001BCH CALL_TEXT              CODE
 0E708H 0E8F5H 001EEH FGET_TEXT              CODE
 0E8F6H 0EEE7H 005F2H SET_TEXT               CODE
 0EEE8H 10929H 01A42H OPS_TEXT               CODE
 1092AH 11A45H 0111CH ERRSYS1_TEXT           CODE
 11A46H 11BC7H 00182H AEVAL_TEXT             CODE
 11BC8H 12259H 00692H ALLOC_TEXT             CODE
 1225AH 14EF7H 02C9EH VM_TEXT                CODE
 14EF8H 150D4H 001DDH KMAP_TEXT              CODE
 150D6H 15320H 0024BH SUBAL_TEXT             CODE
 15322H 15386H 00065H OSMEM_TEXT             CODE
 15388H 1538BH 00004H OSME_TEXT              CODE
 1538CH 17A1CH 02691H MACRO_TEXT             CODE
 17A1EH 17ADDH 000C0H XMACRO_TEXT            CODE
 17ADEH 17D5DH 00280H VBLOCK_TEXT            CODE
 17D5EH 19EBBH 0215EH PLANKTON_TEXT          CODE
 19EBCH 19ED8H 0001DH INSTD_TEXT             CODE
 19EDAH 1B915H 01A3CH GT_TEXT                CODE
 1B916H 1CFEDH 016D8H TERM_TEXT              CODE
 1CFEEH 1D173H 00186H BOX_TEXT               CODE
 1D174H 1D305H 00192H TCVT_TEXT              CODE
 1D306H 1DA21H 0071CH COLOR_TEXT             CODE
 1DA22H 1DA3BH 0001AH SETCURS_TEXT           CODE
 1DA3CH 1EA37H 00FFCH PICT_TEXT              CODE
 1EA38H 1F553H 00B1CH RDDSVR_TEXT            CODE
 1F554H 1F691H 0013EH DBJUNCT_TEXT           CODE
 1F692H 20CEDH 0165CH WORKAREA_TEXT          CODE
 20CEEH 20EBFH 001D2H NET_TEXT               CODE
 20EC0H 20EC0H 00000H SDFDYN_TEXT            CODE
 20EC0H 20ED5H 00016H EMMALLOC_TEXT          CODE
 20ED6H 20EF5H 00020H EMMCONTX_TEXT          CODE
 20EF6H 20F05H 00010H EMMFREE_TEXT           CODE
 20F06H 20F1FH 0001AH EMMMAP_TEXT            CODE
 20F20H 20F38H 00019H EMMPAGE_TEXT           CODE
 20F3AH 20F50H 00017H EMMVERS_TEXT           CODE
 20F52H 20F5CH 0000BH BEEP_TEXT              CODE
 20F5DH 223FEH 014A2H SCREEN_DRIVER_TEXT     CODE
 223FFH 2277DH 0037FH KEYBD_DRIVER_TEXT      CODE
 2277EH 2277EH 00000H 6CDXDYN_TEXT           CODE
 2277EH 25D25H 035A8H CDXCORE_TEXT           CODE
 25D26H 25D26H 00000H 6NSXDYN_TEXT           CODE
 25D26H 297F1H 03ACCH NSXCORE_TEXT           CODE
 297F2H 297F2H 00000H SWDATA_TEXT            CODE
 297F2H 297F2H 00000H SWDATA2_TEXT           CODE
 297F2H 2BFF7H 02806H SWDBF1_TEXT            CODE
 2BFF8H 2BFF8H 00000H SWDBFDYN_TEXT          CODE
 2BFF8H 2BFF8H 00000H SWNAT2_TEXT            CODE
 2BFF8H 2BFF8H 00000H SWNATIO_TEXT           CODE
 2BFF8H 2BFF8H 00000H SWSTACK_TEXT           CODE
 2BFF8H 2C189H 00192H SWUTIL3_TEXT           CODE
 2C18AH 2C271H 000E8H TSUPPORT_TEXT          CODE
 2C272H 2C79FH 0052EH VMAPI_TEXT             CODE
 2C7A0H 2C8CCH 0012DH DYNAMIC_TEXT           CODE
 2C8CEH 2CFDFH 00712H DYNX_TEXT              CODE
 2CFE0H 2D60DH 0062EH ITEMAPI_TEXT           CODE
 2D60EH 2DFF3H 009E6H $$$OVLCLP              CODE                   BLICLPMGR
 2DFF4H 2E009H 00016H $$$OVLDYN              CODE                   BLICLPMGR
 2E00AH 2F9ADH 019A4H $$$OVLVEC              CODE                   BLIOVLMGR
 2F9AEH 2F9B9H 0000CH $$$OVLEXE              CODE                   BLIOVLMGR
 2F9BAH 2F9BAH 00000H C_ETEXT                ENDCODE
 2F9BCH 31F4BH 02590H $$$KRNCDE              BLIKRNMGR              BLIKRNMGR
 31F4CH 33277H 0132CH $$$KRNDAT              BLIKRNMGR              BLIKRNMGR
 33280H 332DFH 00060H $$$KRNINI              BLIKRNMGR              BLIKRNMGR
 332E0H 3330FH 00030H $$$KRNEXI              BLIKRNMGR              BLIKRNMGR
 33310H 33310H 00000H $$$KRNEND              BLIKRNMGR              BLIKRNMGR
 33310H 33310H 00000H _SYMSTART              SYMSTART
 33310H 3441FH 01110H SYMBOLS                SYMBOLS
 34420H 3446FH 00050H SYMBOLS                SYMBOLS
 34470H 344DFH 00070H SYMBOLS                SYMBOLS
 344E0H 3480FH 00330H SYMBOLS                SYMBOLS
 34810H 34C8FH 00480H SYMBOLS                SYMBOLS
 34C90H 34F3FH 002B0H SYMBOLS                SYMBOLS
 34F40H 34F9FH 00060H SYMBOLS                SYMBOLS
 34FA0H 34FFFH 00060H SYMBOLS                SYMBOLS
 35000H 3506FH 00070H SYMBOLS                SYMBOLS
 35070H 3532FH 002C0H SYMBOLS                SYMBOLS
 35330H 35330H 00000H SYMBOLS                SYMBOLS
 35330H 35330H 00000H SYMBOLS                SYMBOLS
 35330H 35330H 00000H SYMBOLS                SYMBOLS
 35330H 35330H 00000H SYMBOLS                SYMBOLS
 35330H 3533FH 00010H SYMBOLS                SYMBOLS
 35340H 3535FH 00020H SYMBOLS                SYMBOLS
 35360H 3540FH 000B0H SYMBOLS                SYMBOLS
 35410H 3541FH 00010H SYMBOLS                SYMBOLS
 35420H 3568FH 00270H SYMBOLS                SYMBOLS
 35690H 3633FH 00CB0H SYMBOLS                SYMBOLS
 36340H 3716FH 00E30H SYMBOLS                SYMBOLS
 37170H 3752FH 003C0H SYMBOLS                SYMBOLS
 37530H 3753FH 00010H SYMBOLS                SYMBOLS
 37540H 376AFH 00170H SYMBOLS                SYMBOLS
 376B0H 376EFH 00040H SYMBOLS                SYMBOLS
 376F0H 376F0H 00000H SYMBOLS                SYMBOLS
 376F0H 376FFH 00010H SYMBOLS                SYMBOLS
 37700H 3771FH 00020H SYMBOLS                SYMBOLS
 37720H 37720H 00000H SYMBOLS                SYMBOLS
 37720H 37720H 00000H SYMBOLS                SYMBOLS
 37720H 3772FH 00010H SYMBOLS                SYMBOLS
 37730H 377BFH 00090H SYMBOLS                SYMBOLS
 377C0H 377C0H 00000H SYMBOLS                SYMBOLS
 377C0H 377C0H 00000H SYMBOLS                SYMBOLS
 377C0H 3795FH 001A0H SYMBOLS                SYMBOLS
 37960H 37960H 00000H SYMBOLS                SYMBOLS
 37960H 3796FH 00010H SYMBOLS                SYMBOLS
 37970H 37970H 00000H SYMBOLS                SYMBOLS
 37970H 379BFH 00050H SYMBOLS                SYMBOLS
 379C0H 379CFH 00010H SYMBOLS                SYMBOLS
 379D0H 379D0H 00000H SYMBOLS                SYMBOLS
 379D0H 379D0H 00000H SYMBOLS                SYMBOLS
 379D0H 379D0H 00000H SYMBOLS                SYMBOLS
 379D0H 37A3FH 00070H SYMBOLS                SYMBOLS
 37A40H 37B5FH 00120H SYMBOLS                SYMBOLS
 37B60H 37B60H 00000H SYMBOLS                SYMBOLS
 37B60H 37BBFH 00060H SYMBOLS                SYMBOLS
 37BC0H 37C3FH 00080H SYMBOLS                SYMBOLS
 37C40H 37C40H 00000H SYMBOLS                SYMBOLS
 37C40H 37C5FH 00020H SYMBOLS                SYMBOLS
 37C60H 37C60H 00000H SYMBOLS                SYMBOLS
 37C60H 37C60H 00000H SYMBOLS                SYMBOLS
 37C60H 37D0FH 000B0H SYMBOLS                SYMBOLS
 37D10H 37D10H 00000H SYMBOLS                SYMBOLS
 37D10H 37D10H 00000H SYMBOLS                SYMBOLS
 37D10H 37D10H 00000H SYMBOLS                SYMBOLS
 37D10H 37D10H 00000H SYMBOLS                SYMBOLS
 37D10H 37D10H 00000H SYMBOLS                SYMBOLS
 37D10H 37D2FH 00020H SYMBOLS                SYMBOLS
 37D30H 37D30H 00000H SYMBOLS                SYMBOLS
 37D30H 37D4FH 00020H SYMBOLS                SYMBOLS
 37D50H 37D50H 00000H SYMBOLS                SYMBOLS
 37D50H 37D5FH 00010H SYMBOLS                SYMBOLS
 37D60H 37D7FH 00020H SYMBOLS                SYMBOLS
 37D80H 37F3FH 001C0H SYMBOLS                SYMBOLS
 37F40H 37F4FH 00010H SYMBOLS                SYMBOLS
 37F50H 37FBFH 00070H SYMBOLS                SYMBOLS
 37FC0H 37FEFH 00030H SYMBOLS                SYMBOLS
 37FF0H 3800FH 00020H SYMBOLS                SYMBOLS
 38010H 3803FH 00030H SYMBOLS                SYMBOLS
 38040H 3806FH 00030H SYMBOLS                SYMBOLS
 38070H 38070H 00000H SYMBOLS                SYMBOLS
 38070H 3807FH 00010H SYMBOLS                SYMBOLS
 38080H 3809FH 00020H SYMBOLS                SYMBOLS
 380A0H 380AFH 00010H SYMBOLS                SYMBOLS
 380B0H 382DFH 00230H SYMBOLS                SYMBOLS
 382E0H 382EFH 00010H SYMBOLS                SYMBOLS
 382F0H 3832FH 00040H SYMBOLS                SYMBOLS
 38330H 3835FH 00030H SYMBOLS                SYMBOLS
 38360H 3836FH 00010H SYMBOLS                SYMBOLS
 38370H 383FFH 00090H SYMBOLS                SYMBOLS
 38400H 3842FH 00030H SYMBOLS                SYMBOLS
 38430H 38430H 00000H SYMBOLS                SYMBOLS
 38430H 3846FH 00040H SYMBOLS                SYMBOLS
 38470H 384BFH 00050H SYMBOLS                SYMBOLS
 384C0H 3851FH 00060H SYMBOLS                SYMBOLS
 38520H 385FFH 000E0H SYMBOLS                SYMBOLS
 38600H 3864FH 00050H SYMBOLS                SYMBOLS
 38650H 38650H 00000H _SYMEND                SYMEND
 38650H 38650H 00000H _CONST                 CONST
 38650H 387F1H 001A2H OPERR                  CONST
 387F2H 387F2H 00000H _MSG                   MSG
 387F2H 387F2H 00000H _BEGBSS                BEGBSS
 387F2H 387F2H 00000H _ENDBSS                ENDBSS
 387F2H 387F2H 00000H DMTB                   DLL
 387F2H 38809H 00018H DMT                    DLL
 3880AH 3880AH 00000H DMTE                   DLL
 38810H 3A3A5H 01B96H MACRO5_DATA            FAR_DATA
 3A3B0H 3A3DEH 0002FH SWDATA5_DATA           FAR_DATA
 3A3E0H 3A3EAH 0000BH SWDATA25_DATA          FAR_DATA
 3A3F0H 3A412H 00023H SWNAT25_DATA           FAR_DATA
 3A420H 3A51AH 000FBH SWNATIO5_DATA          FAR_DATA
 3A520H 3A520H 00000H $$DYNBEGIN             $$DYNBEGIN             DYNGROUP
 3A520H 3A5A7H 00088H $$DYNFNAMES            $$DYNFNAMES            DYNGROUP
 3A5B0H 3A5B0H 00000H $$DYNBPAGES            $$DYNPAGES             DYNGROUP
 3A5B0H 3AAA5H 004F6H $$DYNPAGES             $$DYNPAGES             DYNGROUP
 3AAB0H 3AAB0H 00000H $$DYNEND               $$DYNEND               DYNGROUP
 3AAB0H 3B17BH 006CCH FAR_BSS                FAR_BSS
 3B180H 3B1C1H 00042H NULL                   BEGDATA                DGROUP
 3B1C2H 406D5H 05514H _DATA                  DATA                   DGROUP
 406D6H 406D6H 00000H _SYMPB                 DATA                   DGROUP
 406D6H 406E5H 00010H _SYMP                  DATA                   DGROUP
 406E6H 406E6H 00000H _SYMPE                 DATA                   DGROUP
 406E6H 406F3H 0000EH CDATA                  DATA                   DGROUP
 406F4H 406F4H 00000H XIFB                   DATA                   DGROUP
 406F4H 406F7H 00004H XIF                    DATA                   DGROUP
 406F8H 406F8H 00000H XIFE                   DATA                   DGROUP
 406F8H 406F8H 00000H XIB                    DATA                   DGROUP
 406F8H 406FBH 00004H XI                     DATA                   DGROUP
 406FCH 406FCH 00000H XIE                    DATA                   DGROUP
 406FCH 406FCH 00000H XPB                    DATA                   DGROUP
 406FCH 406FCH 00000H XP                     DATA                   DGROUP
 406FCH 406FCH 00000H XPE                    DATA                   DGROUP
 406FCH 406FCH 00000H XCB                    DATA                   DGROUP
 406FCH 406FCH 00000H XC                     DATA                   DGROUP
 406FCH 406FCH 00000H XCE                    DATA                   DGROUP
 406FCH 406FCH 00000H XCFB                   DATA                   DGROUP
 406FCH 406FCH 00000H XCF                    DATA                   DGROUP
 406FCH 406FCH 00000H XCFE                   DATA                   DGROUP
 406FCH 406FCH 00000H XNCB                   DATA                   DGROUP
 406FCH 40723H 00028H XNC                    DATA                   DGROUP
 40724H 40724H 00000H XNCE                   DATA                   DGROUP
 40730H 40877H 00148H $LIB_TABLE             DATA                   DGROUP
 40878H 408FFH 00088H CONST                  CONST                  DGROUP
 40900H 40907H 00008H HDR                    MSG                    DGROUP
 40908H 40A7DH 00176H MSG                    MSG                    DGROUP
 40A7EH 40AA4H 00027H PAD                    MSG                    DGROUP
 40AA5H 40AA5H 00001H EPAD                   MSG                    DGROUP
 40AA6H 4162FH 00B8AH _BSS                   BSS                    DGROUP
 41630H 41630H 00000H XOB                    BSS                    DGROUP
 41630H 41630H 00000H XO                     BSS                    DGROUP
 41630H 41630H 00000H XOE                    BSS                    DGROUP
 41630H 417A5H 00176H C_COMMON               BSS                    DGROUP
 417B0H 4562FH 03E80H STACK                  STACK                  DGROUP

 Overlays

 Section Pubs  Length Name                   Module
 0001H    20     464  HLKCLIP_TEXT           HLKCLIP
 0002H     1     442  CRIPT_TEXT             CRIPT
 0003H     3    2098  CHECK_TEXT             CHECK
 0004H    17    1253  BCLIB_TEXT             BCLIB
 0005H     3     488  CKVIDEO_TEXT           CKVIDEO
 0006H     3    6579  CTRFILES_TEXT          CTRFILES
 0007H     2     303  DATASINT_TEXT          DATASINT
 0008H     6    2864  FILELOC_TEXT           FILELOC
 0009H     4    1606  HANDPROT_TEXT          HANDPROT
 000AH     2     311  NETLOCK_TEXT           NETLOCK
 000BH     3     328  STRFUNCS_TEXT          STRFUNCS
 000CH    35    2121  BCLIBASM_TEXT          BCLIBASM
 000DH     7    2186  W_PROT_TEXT            W_PROT
 000EH     4     289  H_ERR_TEXT             H_ERR
 000FH    12     174  _TEXT                  H_LDIV
 0010H     1     212  GETENV_TEXT            GETENV
 0011H     2      52  SQUAWK_TEXT            SQUAWK
 0012H     9     630  INITEXIT_TEXT          INITEXIT
 0013H     6     828  APPINIT_TEXT           APPINIT
 0014H     3     358  APPEXIT_TEXT           APPEXIT
 0015H     2     368  RUN_TEXT               RUN
 0016H    14    2774  SEND_TEXT              SEND
 0017H     4     238  TB_TEXT                TB
 0018H     1     228  ADEL_TEXT              ADEL
 0019H     1     244  AINS_TEXT              AINS
 001AH     1      62  ATAIL_TEXT             ATAIL
 001BH     4    1464  MSAVE_TEXT             MSAVE
 001CH     4     564  MRELEASE_TEXT          MRELEASE
 001DH     2     600  ERRSYS0_TEXT           ERRSYS0
 001EH     6     476  SEQ_TEXT               SEQ
 001FH     6      80  CMEM_TEXT              CMEM
 0020H     1     308  MEMORY_TEXT            MEMORY
 0021H    11    1608  OUTSTD_TEXT            OUTSTD
 0022H     3     118  GX_TEXT                GX
 0023H     2      32  MAXROW_TEXT            MAXROW
 0024H     2     988  SAVEREST_TEXT          SAVEREST
 0025H     1     218  SCROLL_TEXT            SCROLL
 0026H     3    1352  GETS0_TEXT             GETS0
 0027H    18    3304  GETS1_TEXT             GETS1
 0028H    50    8194  GETS2_TEXT             GETS2
 0029H    15    1808  RDDORD_TEXT            RDDORD
 002AH    10    1574  DBCMD0_TEXT            DBCMD0
 002BH    39    3158  DBCMD1_TEXT            DBCMD1
 002CH     7     884  DBCMD2_TEXT            DBCMD2
 002DH     4    1048  DBCMD3_TEXT            DBCMD3
 002EH     2     262  DBCMD5_TEXT            DBCMD5
 002FH     3     384  LUPDATE_TEXT           LUPDATE
 0030H     2     650  DBSTRUCT_TEXT          DBSTRUCT
 0031H     4    1416  DBCREATE_TEXT          DBCREATE
 0032H    21    2858  SDF1_TEXT              SDF1
 0033H     2      62  SDF0_TEXT              SDF0
 0034H    10    1270  PHILES_TEXT            PHILES
 0035H     3      61  EMMCOUNT_TEXT          EMMCOUNT
 0036H     1      48  EMMINST_TEXT           EMMINST
 0037H     1     254  EXACTCMP_TEXT          EXACTCMP
 0038H     2     166  GETE_TEXT              GETE
 0039H     1     204  DISKSPAC_TEXT          DISKSPAC
 003AH     8     993  EXAMPLEA_TEXT          EXAMPLEA
 003BH     1     288  ALLTRIM_TEXT           ALLTRIM
 003CH     1     276  RIGHT_TEXT             RIGHT
 003DH     1     330  DESCEND_TEXT           DESCEND
 003EH     1     226  RAT_TEXT               RAT
 003FH     1     328  PADL_TEXT              PADL
 0040H     1     326  PADR_TEXT              PADR
 0041H     1     326  PADC_TEXT              PADC
 0042H     1     996  STRTRAN_TEXT           STRTRAN
 0043H     1     688  MEMOLINE_TEXT          MEMOLINE
 0044H     1     342  MLCOUNT_TEXT           MLCOUNT
 0045H     2     492  LINELEN_TEXT           LINELEN
 0046H     2     344  ASCAN_TEXT             ASCAN
 0047H     4    1152  DIRECT_TEXT            DIRECT
 0048H    49   11920  MEMOEDIT_TEXT          MEMOEDIT
 0049H    13    7322  TBROWSE0_TEXT          TBROWSE0
 004AH    66    9954  TBROWSE1_TEXT          TBROWSE1
 004BH     6     240  CDX0_TEXT              CDXMACH6
 004CH    17    3502  CDX2_TEXT              CDX2
 004DH     4    2910  CDX3_TEXT              CDX3
 004EH    14   12700  CDXCREAT_TEXT          CDXCREAT
 004FH    17    3004  CDXDIREC_TEXT          CDXDIREC
 0050H     2     440  CDXFREEL_TEXT          CDXFREEL
 0051H     4    3790  CDXINDEX_TEXT          CDXINDEX
 0052H     5     788  CDXLOCK_TEXT           CDXLOCK
 0053H     1     212  CDXTRYO_TEXT           CDXTRYO
 0054H     6     240  NSX0_TEXT              NSXMACH6
 0055H    17    3008  NSX2_TEXT              NSX2
 0056H     4    2910  NSX3_TEXT              NSX3
 0057H    12    9710  NSXCREAT_TEXT          NSXCREAT
 0058H    17    2970  NSXDIREC_TEXT          NSXDIREC
 0059H     2     328  NSXFREEL_TEXT          NSXFREEL
 005AH     2    1870  NSXINDEX_TEXT          NSXINDEX
 005BH     5     830  NSXLOCK_TEXT           NSXLOCK
 005CH     1     844  NSXTRYO_TEXT           NSXTRYO
 005DH     8    2294  SMTMEMO2_TEXT          SMTMEMO2
 005EH     3      70  SWDBF0_TEXT            SWDBF0
 005FH    18    3302  SWDBF2_TEXT            SWDBF2
 0060H     7    2130  SWENCODE_TEXT          SWENCODE
 0061H     2     466  SWFILE_TEXT            SWFILE
 0062H     5     134  SWIFUNC_TEXT           SWIFUNC
 0063H     6    1632  SWIND1_TEXT            SWIND1
 0064H     2    2360  SWINDEX1_TEXT          SWINDEX1
 0065H     3    3436  SWKEYNO_TEXT           SWKEYNO
 0066H     5    1750  SWKILLT_TEXT           SWKILLT
 0067H     9    1020  SWLCK_TEXT             SWLCK
 0068H     8    3290  SWMEMO1_TEXT           SWMEMO1
 0069H     2     276  SWMEMO2_TEXT           SWMEMO2
 006AH     3    1074  SWOPT_TEXT             SWOPT
 006BH     5     510  SWPAGE_TEXT            SWPAGE
 006CH     5    1762  SWRLOCK_TEXT           SWRLOCK
 006DH     3    2048  SWSURF_TEXT            SWSURF
 006EH     3     748  SWTRIGGE_TEXT          SWTRIGGE
 006FH     8     978  SWUTIL_TEXT            SWUTIL
 0070H     4     418  SWUTIL2_TEXT           SWUTIL2
 0071H    13    3700  VFCORE_TEXT            VFCORE
 0072H     1     808  M6ADDSCP_TEXT          M6ADDSCP
 0073H     4    1242  M6CRTMAP_TEXT          M6CRTMAP
 0074H     1     960  M6CSAND_TEXT           M6CSAND
 0075H     1     406  M6CSNOT_TEXT           M6CSNOT
 0076H     1     778  M6CSOR_TEXT            M6CSOR
 0077H     7    1038  M6DBF1_TEXT            M6DBF1
 0078H     2     876  M6EQUAL_TEXT           M6EQUAL
 0079H     5     156  M6ERROR_TEXT           M6ERROR
 007AH     3     704  M6EVAL_TEXT            M6EVAL
 007BH     3    1414  M6FILT1_TEXT           M6FILT1
 007CH     5    1028  M6FILT2_TEXT           M6FILT2
 007DH     1     374  M6GETVAL_TEXT          M6GETVAL
 007EH     1     480  M6GREAT_TEXT           M6GREAT
 007FH     1     108  M6INIT_TEXT            M6INIT
 0080H     1     492  M6INSTR_TEXT           M6INSTR
 0081H     5    2314  M6ISKEY_TEXT           M6ISKEY
 0082H     2     876  M6ISOPT_TEXT           M6ISOPT
 0083H     1     420  M6LESS_TEXT            M6LESS
 0084H     4    1566  M6LOCA1_TEXT           M6LOCA1
 0085H     4    2024  M6LOGIC_TEXT           M6LOGIC
 0086H     1     626  M6NEQUAL_TEXT          M6NEQUAL
 0087H     2    1158  M6OPTDEL_TEXT          M6OPTDEL
 0088H     1     692  M6ORDA_TEXT            M6ORDA
 0089H     1     192  M6OURDRV_TEXT          M6OURDRV
 008AH     1     470  M6RANGE_TEXT           M6RANGE
 008BH    16    2672  M6RYOFLT_TEXT          M6RYOFLT
 008CH     2    1140  M6SFILT_TEXT           M6SFILT
 008DH     6    2462  M6SMART_TEXT           M6SMART
 008EH     6    1640  M6STKEXP_TEXT          M6STKEXP
 008FH     6     968  M6STRING_TEXT          M6STRING
 0090H     1     438  M6SWHILE_TEXT          M6SWHILE
 0091H     6    2646  M6TOKE_TEXT            M6TOKE
 0092H     4     696  M6TRANS_TEXT           M6TRANS
 0093H     1     216  M6UTIL_TEXT            M6UTIL
 0094H    13    3430  M6VMMAP_TEXT           M6VMMAP
 0095H    19    3030  DISKIO_TEXT            DISKIO
 0096H    23    6076  SORTOF_TEXT            SORTOF
 -------------------
 Total        229526
 -------------------

 Origin    Group
 2D60:000E BLICLPMGR
 2E00:000A BLIOVLMGR
 2F9B:000C BLIKRNMGR
 3A52:0000 DYNGROUP
 3B18:0000 DGROUP

  Address         Publics by Value

 0000:0000  Abs  __START_SYM
 0000:05BE  Res  SX_ISDBT
 005C:000A  Res  __NPREVC
 005C:0033  Res  __NNEXTC
 005C:005C  Res  __ZCMP
 005C:0078  Res  __FORCE_ASCII
 0063:0109  Res  _NATSORTVE
 0063:0138  Res  __NATRDDVER
 0063:014A  Res  __NLEXID
 0063:01B4  Res  __NSCANID
 0063:0232  Res  __UPCASE
 0063:0245  Res  __LOCASE
 0063:0258  Res  __CH_TYPE
 0063:02C1  Res  __NCOPYUC
 0063:02E0  Res  __NCOPYLC
 0063:02FF  Res  __NTRIMLEN
 0063:0320  Res  __NPREVI
 0063:0333  Res  __NNEXTI
 0063:034A  Res  __NGET
 0063:035F  Res  __NPUT
 0063:0374  Res  __TCMP
 0063:039C  Res  __DCMP
 0063:03BD  Res  __XCMP
 0063:03D7  Res  __SCANW
 0063:040B  Res  __SCANN
 0063:0459  Res  __NODE_SEARCH
 0063:04B3  Res  __S_ORDER
 0063:05B4  Res  _NATMSGVER
 0063:05CD  Res  ISNEGATIVE
 0063:061A  Res  ISAFFIRM
 0063:0667  Res  NATIONMSG
 0063:06AA  Res  __DAY_NAME
 0063:06C2  Res  __MONTH_NAME
 0063:06DA  Res  __YNSTR
 0063:06EC  Res  __NATMSGVER
 0063:06FE  Res  __ERRORDESC
 0063:0756  Res  __NVERSION
 0063:07BC  Res  _CLIPINTL
 00DF:000E  Res  DOSDATA
 00DF:0072  Res  VUF
 00DF:00B8  Res  ENCRIPT
 00DF:00B8  Res  DECRIPT
 00DF:01D0  Res  SEPLETRA
 00DF:0319  Res  QUALDIR
 00DF:03A0  Res  CHDIR
 00DF:03A4  Res  MKDIR
 00DF:03A8  Res  RMDIR
 00DF:03F9  Res  CALLINT
 00DF:04FE  Res  VAL_CF
 00DF:050E  Res  VAL_AX
 00DF:0514  Res  VAL_BX
 00DF:051A  Res  VAL_CX
 00DF:0520  Res  VAL_DX
 00DF:0526  Res  VAL_DS
 00DF:052C  Res  VAL_ES
 00DF:0532  Res  VAL_DI
 00DF:0538  Res  VAL_SI
 00DF:053E  Res  VAL_FLAGS
 00DF:0546  Res  VAL_AH
 00DF:054C  Res  VAL_BH
 00DF:0552  Res  VAL_CH
 00DF:0558  Res  VAL_DH
 00DF:055E  Res  VAL_AL
 00DF:0564  Res  VAL_BL
 00DF:056A  Res  VAL_CL
 00DF:0570  Res  VAL_DL
 00DF:0664  Res  OK_PRINT
 00DF:06AD  Res  PEEK
 00DF:073C  Res  LTOC
 00DF:077E  Res  CONTA
 00DF:07C9  Res  IMPOK
 00DF:081B  Res  F_ERROR
 00DF:0841  Res  IS_FERROR
 00DF:0862  Res  SET_FERROR
 00DF:0883  Res  CLR_FERROR
 00DF:08A2  Res  ALOCAMEM
 00DF:08EB  Res  QDE_FREE
 00DF:08F1  Res  HEXA_DEC
 00DF:098D  Res  TAMASTRI
 00DF:09AA  Res  POKE
 00DF:0A5D  Res  _CONTA
 00DF:0A73  Res  FONTEVGA
 018B:0015  Res  F_LXMUL@
 018B:0015  Res  LXMUL@
 018B:002C  Res  N_SCOPY@
 018B:002F  Res  F_SCOPY@
 018B:002F  Res  SCOPY@
 018B:004C  Res  __ASTART
 018B:00F6  Res  __CINTDIV
 018B:0105  Res  __AMSG_EXIT
 018B:011A  Res  __CINIT
 018B:01DE  Res  _EXIT
 018B:01F5  Res  __EXIT
 018B:023C  Res  __CTERMSUB
 018B:027C  Res  __FPTRAP
 018B:0282  Res  __FF_MSGBANNER
 018B:02A6  Res  __NULLCHECK
 018B:02CC  Res  __NMSG_TEXT
 018B:02F7  Res  __NMSG_WRITE
 018B:0322  Res  __SETENVP
 018B:039E  Res  __SETARGV
 018B:0546  Res  __AFLDIV
 018B:05E2  Res  __AFLMUL
 018B:05E2  Res  __AFULMUL
 018B:0616  Res  __AFLREM
 018B:06B8  Res  __AFULREM
 018B:0724  Res  __AFULDIV
 018B:0786  Res  __AFNALDIV
 018B:07BE  Res  __SLDS
 018B:07C2  Res  __ELDS
 018B:07E0  Res  __FLDS
 018B:080A  Res  __SLDD
 018B:080E  Res  __ELDD
 018B:082E  Res  __FLDD
 018B:085D  Res  __SLDT
 018B:0863  Res  __FLDT
 018B:0897  Res  __SLDL
 018B:089B  Res  __ELDL
 018B:08A4  Res  __SLDW
 018B:08A8  Res  __ELDW
 018B:08AE  Res  __FLDL
 018B:08B5  Res  __FLDW
 018B:08B7  Res  B$FIL2
 018B:08B8  Res  B$FILD
 018B:090C  Res  __FDUP
 018B:093B  Res  __FLDZ
 018B:0961  Res  __SSTS
 018B:0965  Res  __FSTS
 018B:0969  Res  __ESTS
 018B:0979  Res  __SSTSP
 018B:097D  Res  __FSTSP
 018B:0981  Res  __ESTSP
 018B:09AF  Res  __SSTD
 018B:09B3  Res  __FSTD
 018B:09B7  Res  __ESTD
 018B:09C7  Res  __SSTDP
 018B:09CB  Res  __FSTDP
 018B:09CF  Res  __ESTDP
 018B:09F8  Res  __SSTT
 018B:09FC  Res  __FSTT
 018B:0A0F  Res  __SSTTP
 018B:0A13  Res  __FSTTP
 018B:0A36  Res  B$FIS2
 018B:0A3E  Res  B$FIST
 018B:0A46  Res  B$FUST
 018B:0A7E  Res  __FTOL
 018B:0AB7  Res  __FTST
 018B:0AE4  Res  __FABS
 018B:0AF3  Res  __FCHS
 018B:0B2B  Res  __SSUBS
 018B:0B33  Res  __ESUBS
 018B:0B3A  Res  __FSUBS
 018B:0B43  Res  __SSUBSR
 018B:0B4B  Res  __ESUBSR
 018B:0B52  Res  __FSUBSR
 018B:0B5B  Res  __SMULS
 018B:0B63  Res  __EMULS
 018B:0B6A  Res  __FMULS
 018B:0B73  Res  __SDIVS
 018B:0B7B  Res  __EDIVS
 018B:0B82  Res  __FDIVS
 018B:0B8B  Res  __SDIVSR
 018B:0B93  Res  __EDIVSR
 018B:0B9A  Res  __FDIVSR
 018B:0BA3  Res  __SADDS
 018B:0BAB  Res  __EADDS
 018B:0BB2  Res  __FADDS
 018B:0BEA  Res  __SSUBD
 018B:0BF2  Res  __ESUBD
 018B:0BF9  Res  __FSUBD
 018B:0C02  Res  __SSUBDR
 018B:0C0A  Res  __ESUBDR
 018B:0C11  Res  __FSUBDR
 018B:0C1A  Res  __SMULD
 018B:0C22  Res  __EMULD
 018B:0C29  Res  __FMULD
 018B:0C32  Res  __SDIVD
 018B:0C3A  Res  __EDIVD
 018B:0C41  Res  __FDIVD
 018B:0C4A  Res  __SDIVDR
 018B:0C52  Res  __EDIVDR
 018B:0C59  Res  __FDIVDR
 018B:0C62  Res  __SADDD
 018B:0C6A  Res  __EADDD
 018B:0C71  Res  __FADDD
 018B:0C90  Res  __FSUB
 018B:0C95  Res  __FSUBR
 018B:0C9A  Res  __FMUL
 018B:0C9F  Res  __FDIV
 018B:0CA4  Res  __FDIVR
 018B:0CA9  Res  __FADD
 018B:0CAE  Res  __FCOMPP
 018B:0CAE  Res  B$FCMP
 018B:0CB3  Res  __FCMP
 018B:0D41  Res  __FXCHQ
 018B:0D4F  Res  __FXCH
 018B:0D75  Res  __DCVT
 018B:0D8D  Res  $I8_ERRMINF
 018B:0D8D  Res  $I4_ERRMINF
 018B:0D8D  Res  $I8_ERRPINF
 018B:0D8D  Res  $I4_ERRPINF
 018B:0D8D  Res  $I4_ERRINF
 018B:0D8D  Res  $I8_ERRINF
 018B:0D97  Res  $I8_ERRDIV0
 018B:0D97  Res  $I4_ERRDIV0
 018B:0DA1  Res  $I4_ERRINVLD
 018B:0DA1  Res  $I8_ERRINVLD
 018B:0DAB  Res  $I8_ERRSTACK
 018B:0DBE  Res  __FPSIGNAL
 018B:0DFB  Res  __FPMATH
 018B:0E29  Res  __SMOVTMPESBX
 018B:0E2B  Res  __SMOVTMPESSI
 018B:0E3F  Res  __DMOVTMPESBX
 018B:0E41  Res  __DMOVTMPESSI
 018B:0E57  Res  __DCVTST0
 018B:0E63  Res  __DCVTST0A
 018B:0E66  Res  __DCVTDISI
 018B:0EA5  Res  __CTRANDISP2
 018B:0EBD  Res  __CTRANDISP1
 018B:0FA9  Res  $I4_CMP
 018B:0FFC  Res  $I8_CMP
 018B:104E  Res  $I8_4
 018B:108F  Res  $I4_8
 018B:1111  Res  $I4_W
 018B:1113  Res  $I4_Q
 018B:111B  Res  $I4_S
 018B:1127  Res  $I4_L
 018B:1141  Res  $I8_W
 018B:1143  Res  $I8_Q
 018B:114B  Res  $I8_S
 018B:1157  Res  $I8_L
 018B:1176  Res  $I4_TO_S
 018B:117B  Res  $I4_TO_SIRND
 018B:117B  Res  $I4_TO_SRND
 018B:1180  Res  $I8_TO_S
 018B:1185  Res  $I8_TO_SIRND
 018B:1185  Res  $I8_TO_SRND
 018B:1192  Res  $I4_TO_W
 018B:1197  Res  $I4_TO_WIRND
 018B:1197  Res  $I4_TO_WRND
 018B:119C  Res  $I8_TO_W
 018B:11A1  Res  $I8_TO_WRND
 018B:11A1  Res  $I8_TO_WIRND
 018B:11A9  Res  $I4_TO_LIRND
 018B:11A9  Res  $I4_TO_LRND
 018B:11AE  Res  $I8_TO_LIRND
 018B:11AE  Res  $I8_TO_LRND
 018B:11B3  Res  $I4_TO_L
 018B:11B8  Res  $I8_TO_L
 018B:11D8  Res  $I4_TO_QRND
 018B:11D8  Res  $I4_TO_QIRND
 018B:11DD  Res  $I8_TO_QIRND
 018B:11DD  Res  $I8_TO_QRND
 018B:11FC  Res  $I8_TO_Q
 018B:1231  Res  $I4_TO_Q
 018B:12AD  Res  $I8_FIXIRND
 018B:12AD  Res  $I8_FIXRND
 018B:12D3  Res  $I4_FIXRND
 018B:12D3  Res  $I4_FIXIRND
 018B:12F7  Res  $I8_FIX
 018B:1307  Res  $I4_FIX
 018B:1421  Res  $I4_SUBREV
 018B:1423  Res  $I4_SUB
 018B:142B  Res  $I4_ADD
 018B:14FD  Res  $I4_NORM
 018B:152B  Res  $I4_ROUND
 018B:158D  Res  $I4_MUL
 018B:1611  Res  $I4_DIVREV
 018B:1613  Res  $I4_DIV
 018B:171B  Res  $I8_SUBREV
 018B:171D  Res  $I8_SUB
 018B:1740  Res  $I8_ADD
 018B:1873  Res  $I8_NORM
 018B:18C9  Res  $I8_ROUND
 018B:1947  Res  $I8_MUL
 018B:19A8  Res  $I8_DIVREV
 018B:19AA  Res  $I8_DIV
 018B:1CDC  Res  $I8_LGT
 018B:1CF2  Res  $I8_LOG
 018B:1DA9  Res  $I8_EXP
 018B:1DBD  Res  $I8_EXPADJUST
 018B:1DF8  Res  $I8_PF_PWR
 018B:1E0F  Res  $I8_C_PWR
 018B:1E13  Res  $I8_PWR
 018B:1F0D  Res  $I8_PF_PWR_L
 018B:1F0D  Res  $I8_PWR_L
 018B:1FA3  Res  $I8_SQR
 018B:2061  Res  $I8_ADDF
 018B:2065  Res  $I8_ADDFSI
 018B:206B  Res  $I8_SUBF
 018B:206F  Res  $I8_SUBFSI
 018B:2075  Res  $I8_MULF
 018B:2079  Res  $I8_MULFSI
 018B:207F  Res  $I8_DIVF
 018B:2083  Res  $I8_DIVFSI
 018B:2089  Res  $I8_SUBR
 018B:208D  Res  $I8_SUBRDI
 018B:2093  Res  $I8_DIVR
 018B:2097  Res  $I8_DIVRDI
 018B:209D  Res  $I8_CLEARAC
 018B:20AD  Res  $I8_MOVAC
 018B:20B6  Res  $I8_MOVAC_ARG
 018B:20C6  Res  $I8_MOVARG_AC
 018B:20CA  Res  $I8_MOVARG
 018B:20D5  Res  $I8_MOVTEMP
 018B:20E0  Res  $I8_PSHARG
 018B:20E5  Res  $I8_PSHAC
 018B:20E9  Res  $I8_PSHSI
 018B:20F7  Res  $I8_POPARG
 018B:20FC  Res  $I8_POPAC
 018B:2100  Res  $I8_POPSI
 018B:210E  Res  $I8_POLY
 018B:2153  Res  $I8_EVEN
 018B:2189  Res  $I8_EXPM1
 018B:219A  Res  $I8_EXPM1REDUCED
 018B:21CA  Res  $I8_LNREDUCEAC_HI
 018B:21D0  Res  $I8_LNREDUCE
 018B:21DF  Res  $I8_RETONE
 018B:21E9  Res  $I8_RETZERO
 018B:2200  Res  $I8_OVERFLOWRANGE
 018B:2205  Res  $I8_EXPHRANGE
 018B:220D  Res  $I8_EXPRANGE
 018B:2213  Res  $I8_RANGE
 018B:2237  Res  $I8_P_Q
 018B:226D  Res  $I8_Z2P_Q
 018B:227E  Res  $I8_Z3P_Q
 018B:2287  Res  $I8_REDUCE
 018B:22A3  Res  $I8_TMUL
 018B:2409  Res  $I8_TPWR10
 018B:2479  Res  $I8_INPUT
 018B:27C5  Res  $I8_OUTPUT
 018B:28C5  Res  _FLOOR
 018B:28D5  Res  _CEIL
 018B:293B  Res  _FMOD
 018B:2996  Res  _POW
 018B:299F  Res  _LOG
 018B:29A8  Res  _LOG10
 018B:29B1  Res  _EXP
 018B:29BA  Res  _SQRT
 018B:29C4  Res  __MYALLOC
 018B:2A06  Res  __WRT2ERR
 018B:2A15  Res  _MATHERR
 018B:2A23  Res  __DVINIT
 018B:2A4C  Res  __DVADD
 018B:2A93  Res  __DVSUB
 018B:2ADA  Res  __DVMUL
 018B:2B21  Res  __DVDIV
 018B:2B68  Res  __DVTOQ
 018B:2B83  Res  __DVTOI
 018B:2B9E  Res  __DVTOL
 018B:2BB9  Res  __DVFMQ
 018B:2C01  Res  __DVFMI
 018B:2C3B  Res  __DVFML
 018B:2C76  Res  __DVFMA
 018B:2CF0  Res  __NTOA
 018B:2DF2  Res  __ATON
 018B:2E48  Res  __LNTOA
 018B:2EE7  Res  __CFLTCVT
 018B:2EE8  Res  __CROPZEROS
 018B:2EE9  Res  __FASSIGN
 018B:2EEA  Res  __FORCDECPT
 018B:2EEB  Res  __POSITIVE
 018B:2EEC  Res  __CFTOE
 018B:2EED  Res  __CFTOF
 018B:2EEE  Res  __CFTOG
 018B:2F00  Res  __TERMHOOK
 018B:2F12  Res  __GTHOOK
 018B:2F24  Res  __DBCMDHOOK
 018B:2F36  Res  __AFLSHR
 018B:2F42  Res  __DYNXHOOK
 018B:2F54  Res  __DISKIOHOOK
 0481:0006  Res  __PTOABSADDR
 0481:0027  Res  _STRCPY
 0481:0049  Res  _STCCPY
 0481:0072  Res  _STRNCPY
 0481:009B  Res  __BSET
 0481:00BE  Res  __BMOVE
 0481:0113  Res  __BCOPY
 0481:0131  Res  __BCOPYF
 0481:0160  Res  __LCOPY
 0481:017E  Res  __BCMP
 0481:01A6  Res  __BSCAN
 0481:01CA  Res  __U2HEX
 0481:01F9  Res  _STRCAT
 0481:0223  Res  _STPCHR
 0481:0250  Res  _STPBLK
 0481:0277  Res  _STRLEN
 0481:0293  Res  __DOSFUNC
 0481:02C5  Res  __ASMCALL
 04B0:0031  Res  __TINIT
 04B0:007F  Res  __TEND
 04B0:00C7  Res  __FSCREATE
 04B0:00F4  Res  __TCTEMP
 04B0:0185  Res  __FSOPEN
 04B0:01B6  Res  __FSCLOSE
 04B0:01D8  Res  __FSREAD
 04B0:0205  Res  __FSWRITE
 04B0:0232  Res  __FSSEEK
 04B0:026B  Res  __FSLOCK
 04B0:02AA  Res  __TMNAME
 04B0:02E0  Res  __FSDELETE
 04B0:0304  Res  __FSRENAME
 04B0:032B  Res  __THCOUNT
 04B0:036F  Res  __FSCOMMIT
 04B0:0389  Res  __FSERROR
 04B0:03AE  Res  __TISDEVICE
 04B0:03CD  Res  __TDEVRAW
 04B0:0409  Res  __F_FIRST
 04B0:042E  Res  __F_NEXT
 04B0:0449  Res  __DSPACE
 04B0:046D  Res  __TMKDIR
 04B0:049A  Res  __TRMDIR
 04B0:04C7  Res  __TCHDIR
 04B0:04F4  Res  __TCURDRV
 04B0:0510  Res  __TCHDRV
 04B0:053B  Res  __TISDRV
 04B0:055F  Res  __TCURDIR
 0509:0116  Res  __DDMYTODATE
 0509:01F8  Res  __DDATETODMYD
 0509:032E  Res  __DSYSDATE
 0509:0352  Res  __DALPHATODATEFMT
 0509:0464  Res  __DALPHATODATEDBF
 0509:051E  Res  __DDATETOALPHAFMT
 0509:0614  Res  __DDATETOALPHADBF
 0509:06A0  Res  __DSETFMT
 0509:0856  Res  __DSETEPOCH
 0590:0000  Res  __OSDATE
 0590:0027  Res  __OSTIME
 0595:0088  Res  __SCAN_FILENAME
 0595:01BA  Res  __TXOPEN
 0595:0860  Res  FILE
 0595:088E  Res  __FSEXTOPEN
 0626:0006  Res  __DVLT
 0626:002E  Res  __DVLE
 0626:0056  Res  __DVEQ
 0626:007E  Res  __DVGE
 0626:00A6  Res  __DVGT
 0626:00CE  Res  __DVNE
 0626:00F6  Res  __DVLTZ
 0626:011E  Res  __DVEQZ
 0626:0146  Res  __DVMOD
 0626:0190  Res  __DVNEG
 0626:01C0  Res  __DVABS
 0626:0212  Res  __DVINC
 0626:0246  Res  __DVDEC
 0626:027A  Res  __DVINT
 0626:02E4  Res  __DVPOW
 0626:032E  Res  __DVLOG
 0626:036C  Res  __DVSQR
 0626:03AA  Res  __DVEXP
 0626:03E8  Res  __DVRND
 0678:0002  Res  __SYSHARDINIT
 067B:0002  Res  _TERM
 067B:0030  Res  _MAIN
 0682:0186  Res  __UPREFP
 0682:022A  Res  __UPREF
 06AA:000E  Res  __SYSCALL
 06AE:0361  Res  __EVLOW
 06AE:0361  Res  __EVEENTRY
 06EB:0562  Res  __EVSENDSTRUCT
 06EB:061C  Res  __EVSENDID
 06EB:0632  Res  __EVPOSTSTRUCT
 06EB:0652  Res  __EVPOSTID
 06EB:0680  Res  __EVREGRECEIVERFUNC
 06EB:07B2  Res  __EVDEREGRECEIVER
 06EB:07E0  Res  __SYSREGLOW
 06EB:07F8  Res  __EVREGTYPE
 06EB:080A  Res  __EVSEND
 06EB:0810  Res  __EVPOST
 06EB:0860  Res  __EVMODALREAD
 06EB:0924  Res  __EVTRANSLATE
 06EB:096E  Res  __EVBREAKENABLE
 06EB:09A4  Res  __EVSCROLLPAUSE
 06EB:09FA  Res  __EVSTROBE
 06EB:0A1E  Res  __BREAK_CYCLE
 06EB:0ACE  Res  SETCANCEL
 06EB:0B8E  Res  ALTD
 06EB:0DE0  Res  __EVENT_INIT
 07D2:00C6  Res  __DYNFREEMODULE
 07D2:01E6  Res  __DYNGETORDADDR
 07D2:0282  Res  __DYNGETNAMEDADDR
 07D2:0354  Res  __DYNLOADMODULE
 07D2:0420  Res  __DYNINIT
 07D2:0430  Res  __DYNINI
 0817:000A  Res  _DMOD_COUNT
 0817:001F  Res  _DINIT_INIT
 081B:000C  Res  __WEED_EATR
 081B:003A  Res  __START_PROC
 0820:033A  Res  _WEED_DIGESTR
 0820:0364  Res  __GET_SYM
 0820:0430  Res  __CHK_SYM
 0820:0494  Res  __CHK_SYM2
 0820:05AE  Res  __SYM_SEARCH
 0820:05FA  Res  __NEXT_SYM
 0820:0680  Res  __SYM_INIT
 0892:03AE  Res  _ARRAYNEW
 0892:04D8  Res  _BLOCKNEW
 0892:058E  Res  _BYTESNEW
 0892:078C  Res  __OCOPY
 0000:9876  Abs  __ACRTUSED
 0000:9876  Abs  __ACRTMSG
 0000:9876  Abs  __FLTUSED
 0892:1AE8  Res  __XCHECK
 0892:1AF6  Res  __OSCAVENGEALL
 0892:1B4A  Res  __OESTIMATE
 0892:1B56  Res  __IARRAYAT
 0892:1BD8  Res  __CAT
 0892:1CF4  Res  __CATPUT
 0892:1ED2  Res  __IARRAYPUT
 0892:1EFE  Res  __IARRAYC2
 0892:1FF0  Res  _VARRAY
 0892:2032  Res  _VARRAYX
 0892:2086  Res  _VARRAYLEN
 0892:20C8  Res  __VDICT
 0892:2118  Res  __VSETDICT
 0892:2184  Res  _VSTR
 0892:21DA  Res  _VSTRX
 0892:222E  Res  _VSTR2
 0892:2300  Res  _VSTRLOCK
 0892:236A  Res  _VSTRUNLOCK
 0892:23BE  Res  _VSTRCOLD
 0892:2416  Res  _BYTESNEW2
 0892:2436  Res  _OSTRDUP
 0892:24EE  Res  __CATAT
 0892:2562  Res  __CATPUTSTR
 0892:26F0  Res  __IMAKEA
 0892:2756  Res  __IMAKELA
 0892:2812  Res  ARRAY
 0892:28B0  Res  _CSCANCHECK
 0892:2948  Res  __CCOPY
 0892:29C6  Res  __CBECOME
 0892:2BE6  Res  __CRESIZE
 0892:2E94  Res  ASIZE
 0892:2EF8  Res  __AADD
 0892:2F62  Res  __XUNLOCK
 0892:2FB4  Res  __XXLOCK
 0892:31D2  Res  __OM_INIT
 0BBA:0002  Res  __FIXLEN
 0BBA:0128  Res  __SPTOQ
 0BBA:015A  Res  __SPTOL
 0BBA:0190  Res  __PUTQ
 0BBA:01B2  Res  __PUTL
 0BBA:01CE  Res  __PUTLN
 0BBA:01F2  Res  __PUTCL
 0BBA:022E  Res  __PUTC
 0BBA:0262  Res  __PUTSYM
 0BBA:0280  Res  __PARAM
 0BBA:02F4  Res  __LPARAM
 0BBA:0352  Res  __ISAVERET
 0BBA:0372  Res  __RETL
 0BBA:038A  Res  __RETQ
 0BBA:03A8  Res  __RETC
 0BBA:09E8  Res  __IMVCLEAN
 0BBA:0A8A  Res  __IMVWIPE
 0BBA:0B72  Res  __IGETM
 0BBA:0BD6  Res  __XPUSHM
 0BBA:0C14  Res  __XPOPM
 0BBA:0C7C  Res  __IPUBLICS
 0BBA:0C90  Res  __QQPUB
 0BBA:0CBA  Res  __IPRIVATES
 0BBA:0CD0  Res  __IPARAMS
 0BBA:0DBC  Res  __IPUSHM
 0BBA:0E24  Res  __CALLERPOPM
 0BBA:0F5E  Res  __IPOPM
 0BBA:0FAC  Res  __IPUSHMR
 0BBA:1076  Res  __IPUSHLR
 0BBA:10DE  Res  __IPUSHFLR
 0BBA:1146  Res  __IPUSHSR
 0BBA:11AE  Res  __ISINIT
 0BBA:120E  Res  __ISFRAME
 0BBA:1220  Res  __GETGRIP
 0BBA:127E  Res  __DROPGRIP
 0BBA:1296  Res  __IPUSHBLOCK
 0BBA:13AE  Res  __IZZBLOCK
 0BBA:14FE  Res  __IXBLOCK
 0BBA:1746  Res  __IZZACT
 0BBA:1886  Res  __CEVAL0
 0BBA:18B0  Res  __CEVAL1
 0BBA:18E6  Res  __ACTINFO
 0BBA:1940  Res  __ACTCOUNT
 0BBA:19D8  Res  __STACK_EXIT
 0BBA:1A7C  Res  __STACK_INIT
 0D6F:000C  Res  __XPUSHF
 0D6F:0192  Res  __XPOPF
 0D6F:01FE  Res  __IPUSHV
 0D6F:028C  Res  __IPUSHF
 0D6F:0306  Res  __IPOPF
 0D6F:0380  Res  __IPUSHQF
 0D6F:0406  Res  __IPOPQF
 0D6F:048C  Res  __FCHECK
 0DBC:0282  Res  __STORCLEN
 0DBC:0378  Res  __STORC
 0DBC:03B6  Res  __PARINFO
 0DBC:040C  Res  __PARINFA
 0DBC:0524  Res  __PARCPEEK
 0DBC:0570  Res  __PARC
 0DBC:060C  Res  __PARCSIZ
 0DBC:0650  Res  __PARCLEN
 0DBC:067A  Res  __PARNI
 0DBC:06C2  Res  __PARNL
 0DBC:070E  Res  __PARND
 0DBC:0772  Res  __PARL
 0DBC:0788  Res  __PARDS
 0DBC:07B4  Res  __STORND
 0DBC:07EE  Res  __STORNL
 0DBC:080E  Res  __STORNI
 0DBC:082E  Res  __STORL
 0DBC:084A  Res  __STORDS
 0DBC:0884  Res  __RETCLEN
 0DBC:08B6  Res  __RETNI
 0DBC:08D8  Res  __RETNL
 0DBC:08FC  Res  __RETND
 0DBC:0924  Res  __RETDS
 0DBC:0958  Res  __RET
 0DBC:095A  Res  __RETA
 0DBC:0968  Res  __EXMGRAB
 0DBC:0978  Res  __EXMBACK
 0E54:0066  Res  __ICALL
 0E70:0008  Res  FIELDGET
 0E70:0080  Res  FIELDPUT
 0E70:0122  Res  FIELDPOS
 0E8F:0006  Res  __SETSTRUCT
 0E8F:0182  Res  SET
 0EEE:0106  Res  __STRMINUS
 0EEE:01FC  Res  __MIN
 0EEE:02D2  Res  __MAX
 0EEE:03AC  Res  __MODULUS
 0EEE:0478  Res  __INT
 0EEE:053A  Res  __ROUND
 0EEE:05CE  Res  __EXPON
 0EEE:070E  Res  __LOGQ
 0EEE:071A  Res  __QEXP
 0EEE:0726  Res  __QSQRT
 0EEE:0732  Res  __CHR
 0EEE:0780  Res  __SPACE
 0EEE:080A  Res  __SUB3
 0EEE:0952  Res  __SUB2
 0EEE:0A3E  Res  __LEFT
 0EEE:0AE2  Res  __STR3
 0EEE:0BF2  Res  __STR2
 0EEE:0CBA  Res  __STR1
 0EEE:0D6E  Res  __TRIM
 0EEE:0DEA  Res  __LTRIM
 0EEE:0E78  Res  __UPPER
 0EEE:0EDA  Res  __LOWER
 0EEE:0F3C  Res  __REPLICATE
 0EEE:1062  Res  __VAL
 0EEE:1154  Res  __LEN
 0EEE:119C  Res  __EMPTY
 0EEE:127E  Res  __AT
 0EEE:13C0  Res  __INSTR
 0EEE:14F8  Res  __ASC
 0EEE:153E  Res  __TIME
 0EEE:15E2  Res  __SECONDS
 0EEE:169E  Res  __DATE
 0EEE:16BE  Res  __DAY
 0EEE:170C  Res  __MONTH
 0EEE:175C  Res  __YEAR
 0EEE:17AC  Res  __DOW
 0EEE:17FC  Res  __CMONTH
 0EEE:184C  Res  __CDOW
 0EEE:189C  Res  __DTOC
 0EEE:18DE  Res  __CTOD
 0EEE:1924  Res  __DTOS
 0EEE:1966  Res  __WORD
 0EEE:19A4  Res  __VALTYPE
 0EEE:1A40  Res  LEFT
 1092:0040  Res  _TB
 1092:0092  Res  __IERROR
 1092:0140  Res  __AFAIL
 1092:01D4  Res  __SODIUM
 1092:01E0  Res  __SALTY_DYN
 1092:0266  Res  __ECANCEL
 1092:02D2  Res  ERRORINHAN
 1092:0412  Res  __EGENCODE
 1092:0426  Res  __ESEVERIT
 1092:043A  Res  __ECANRETR
 1092:0452  Res  __ECANDEFA
 1092:046A  Res  __ECANSUBS
 1092:0482  Res  __ETRIES
 1092:0496  Res  __EOSCODE
 1092:04AA  Res  __ESUBCODE
 1092:04BE  Res  __ESUBSYST
 1092:04CA  Res  __EDESCRIP
 1092:04D6  Res  __EOPERATI
 1092:04E2  Res  __EFILENAM
 1092:04EE  Res  __EPARAMS
 1092:04FA  Res  __ECARGO
 1092:0506  Res  __ESETGENC
 1092:05CE  Res  __ESETSUBC
 1092:0628  Res  __ESETOSCO
 1092:0682  Res  __ESETSEVE
 1092:06DC  Res  __ESETCAND
 1092:0720  Res  __ESETCANR
 1092:0764  Res  __ESETCANS
 1092:07A8  Res  __ESETTRIE
 1092:0802  Res  __ESETSUBS
 1092:0812  Res  __ESETOPER
 1092:0822  Res  __ESETDESC
 1092:0832  Res  __ESETFILE
 1092:0842  Res  __ESETPARA
 1092:0852  Res  __ESETCARG
 1092:0862  Res  ERRORNEW
 1092:0AFA  Res  __EOP
 1092:0BB2  Res  __EERROR
 1092:0C14  Res  __ENOALIAS
 1092:0CC0  Res  __ENOVAR
 1092:0D30  Res  __EERRORP
 1092:0E44  Res  __EARG
 1092:0E60  Res  __ENOTABLE
 1092:0EDA  Res  __ENOFUNC
 1092:0F50  Res  __EREGNFHANDLER
 1092:0F7A  Res  __ENOMETHOD
 1092:1028  Res  __EPSTACK
 1092:103E  Res  ERRORBLOCK
 1092:109E  Res  DOSERROR
 1092:10C6  Res  __ESETDOSERROR
 1092:10D2  Res  NETERR
 1092:1108  Res  __ESETNETERR
 1092:1118  Res  __ECLASSNA
 11A4:0006  Res  AEVAL
 11BC:025E  Res  __CYCLEF
 11BC:04F2  Res  __XALLOC
 11BC:058C  Res  __XFREE
 11BC:0616  Res  __XGRAB
 11BC:0646  Res  __ALLOCF
 11BC:0688  Res  __FREEF
 1225:076A  Res  __VMADD
 1225:0B88  Res  __VMPREALLOC
 1225:1458  Res  __VMDISCARD
 1225:1516  Res  __VMFREE
 1225:1538  Res  __VMPTR
 1225:1596  Res  __VMDIRTYPTR
 1225:15F4  Res  __VMTWO
 1225:1704  Res  __VMALLOCF
 1225:173A  Res  __VMALLOC
 1225:1770  Res  __VMALLOCD
 1225:17AC  Res  __VMALLOCO
 1225:17EC  Res  __VMXFR
 1225:1B5C  Res  __VMFIX
 1225:1C50  Res  __VMLOCKOVL
 1225:1D9C  Res  __VMUNLOCKOVL
 1225:1DAA  Res  __VMPENDINGOVL
 1225:1DB8  Res  __VMUNLOCK
 1225:1DC6  Res  __VMLOCK
 1225:1E68  Res  __VMLOCKSEG
 1225:1ED6  Res  __VMSIZE
 1225:1EE6  Res  __VMREALLOC
 1225:204A  Res  __VMXCHG
 1225:20DE  Res  __VMSTAT
 1225:21EA  Res  __VMSTATN
 1225:222C  Res  __VMSTATE
 1225:225A  Res  __V16
 1225:2322  Res  __V32
 1225:24A0  Res  __MEM_RESUME
 1225:24BC  Res  __MEM_SUSPEND
 1225:257C  Res  __MEM_EXIT
 1225:2684  Res  _DSNORMAL
 1225:269E  Res  __EFAULT
 1225:289A  Res  __MEM_INIT2
 1225:28CE  Res  __MEM_INIT
 14EF:0008  Res  __KMAPSCAN
 14EF:0137  Res  __KMAPSET
 14EF:018E  Res  __KMAPCLEAR
 150D:0006  Res  __MEMSUBFREE
 150D:001A  Res  __MEMSUBALLOC
 150D:00AB  Res  __MEMSUBALLOCFIRST
 150D:00BD  Res  __MEMSUBINFO
 150D:0137  Res  __MEMSUBAVAIL
 150D:0146  Res  __MEMSUBMAX
 150D:0157  Res  __MEMSUBEXTENT
 150D:016B  Res  __MEMSUBEMPTY
 150D:0182  Res  __MEMSUBREINIT
 150D:01CF  Res  __MEMSUBINIT
 150D:0208  Res  __MEMSUBNEXT
 150D:024D  Res  __MEMSUBCHECK
 1532:0002  Res  __OSALLOCDEFSEG
 1532:002C  Res  __OSAVAIL
 1532:003C  Res  __OSALLOC
 1532:0050  Res  __OSSIZE
 1538:0008  Res  __OSSTACKBASE
 1538:0EC6  Res  __LEX_
 1538:14F0  Res  __MAC_IMMED
 1538:1632  Res  __DBGMACRO
 1538:16E2  Res  __WAVE_
 1538:17F4  Res  __WAVEPOP_
 1538:1878  Res  __WAVEP_
 1538:18FC  Res  __WAVEL_
 1538:1914  Res  __WAVEA_
 1538:1B32  Res  __WAVEQ_
 1538:1B68  Res  __WAVEPOPQ_
 1538:1BA4  Res  __WAVEF_
 1538:1C22  Res  __WAVEPOPF_
 1538:1CA6  Res  __WSYMBOL_
 1538:2024  Res  __TYPE_
 1538:20DE  Res  _AMBIGBLOCK
 1538:22D4  Res  _DOSTUFF
 1538:2536  Res  __PARSE_
 17A1:000E  Res  __VMACRO
 17A1:0070  Res  __BMACRO
 17AD:000E  Res  FIELDBLOCK
 17AD:00CE  Res  FIELDWBLOC
 17AD:01C4  Res  MEMVARBLOC
 17D5:000E  Res  __PLANK_INIT
 17D5:003B  Res  __TPLANK
 17D5:0074  Res  _ERRORBUILD
 17D5:00E1  Res  _ERRORCYCLE
 17D5:0141  Res  __PLANKTON
 17D5:01CD  Res  __SPLANKTON
 17D5:01EC  Res  __DPLANKTON
 17D5:0413  Res  _DBGENTRY
 17D5:0431  Res  _DBGEXIT
 17D5:044F  Res  __NOCODE
 17D5:0457  Res  __DYNBADNEWS
 17D5:0462  Res  __0ERR
 17D5:046C  Res  __0ENDPROC
 17D5:047F  Res  __0NOP
 17D5:0482  Res  __0LINE
 17D5:04C3  Res  __0EVENTS
 17D5:04D7  Res  __0JMP
 17D5:04DE  Res  __0JF
 17D5:04FC  Res  __0JFPT
 17D5:051D  Res  __0JT
 17D5:053B  Res  __0JTPF
 17D5:055C  Res  __0JDBG
 17D5:057C  Res  __0UNDEF
 17D5:0584  Res  __0TRUE
 17D5:0593  Res  __0FALSE
 17D5:05A0  Res  __0NULL
 17D5:05B9  Res  __0ZER0
 17D5:05CE  Res  __0ONE1
 17D5:05E5  Res  __0PUSHW
 17D5:05FA  Res  __0PUSHI
 17D5:0612  Res  __0PUSHN
 17D5:063C  Res  __0PUSHC
 17D5:0664  Res  __0PUSHBL
 17D5:0696  Res  __0ZZBLOCK
 17D5:06A8  Res  __0DO
 17D5:0797  Res  __DDO
 17D5:0893  Res  __XDO
 17D5:08B5  Res  __0FUNC
 17D5:09C6  Res  __0XBLOCK
 17D5:0A3E  Res  __XEVAL
 17D5:0B0A  Res  __0SEND
 17D5:0BFB  Res  __0CALL
 17D5:0CE0  Res  __0PCOUNT
 17D5:0CF8  Res  __0FRAME
 17D5:0D41  Res  __0SINIT
 17D5:0D69  Res  __0SFRAME
 17D5:0D89  Res  __0PUBLICS
 17D5:0DA2  Res  __0PRIVATES
 17D5:0DBB  Res  __0PARAMS
 17D5:0DD4  Res  __0ARRAYATI
 17D5:0DFB  Res  __0ARRAYAT
 17D5:0E67  Res  __0ARRAYPUTI
 17D5:0E8E  Res  __0ARRAYPUT
 17D5:0EFA  Res  __0MAKEA
 17D5:0F13  Res  __0MAKELA
 17D5:0F2C  Res  __0PUSHL
 17D5:0F71  Res  __0POPL
 17D5:0FBF  Res  __0PUSHLR
 17D5:0FD8  Res  __0PUSHFL
 17D5:1020  Res  __0POPFL
 17D5:1068  Res  __0PUSHFLR
 17D5:1092  Res  __0PUSHS
 17D5:10A9  Res  __0POPS
 17D5:10C0  Res  __0PUSHSR
 17D5:10D9  Res  __0PUSHM
 17D5:1101  Res  __0MPUSHM
 17D5:111F  Res  __0POPM
 17D5:1147  Res  __0MPOPM
 17D5:1165  Res  __0PUSHMR
 17D5:118D  Res  __0MPUSHMR
 17D5:11AB  Res  __0PUSHF
 17D5:11D3  Res  __0MPUSHF
 17D5:11F1  Res  __0POPF
 17D5:1219  Res  __0MPOPF
 17D5:1237  Res  __0PUSHQF
 17D5:125F  Res  __0MPUSHQF
 17D5:127D  Res  __0POPQF
 17D5:12A5  Res  __0MPOPQF
 17D5:12C3  Res  __0PUSHV
 17D5:12EB  Res  __0MPUSHV
 17D5:1309  Res  __0PUSHRV
 17D5:1327  Res  __0SAVE_RET
 17D5:132E  Res  __0DOOP
 17D5:1334  Res  __0QSELF
 17D5:133E  Res  __0POP
 17D5:1344  Res  __0PUSHA
 17D5:139D  Res  __0MPUSHA
 17D5:13BF  Res  __0PUSHP
 17D5:13C2  Res  __0MPUSHP
 17D5:13C5  Res  __0SYMBOL
 17D5:13E9  Res  __0SYMF
 17D5:1412  Res  __0MSYMBOL
 17D5:1428  Res  __0MSYMF
 17D5:1443  Res  __0BEGIN_SEQ
 17D5:146A  Res  __0BREAK
 17D5:1471  Res  __0END_SEQ
 17D5:1484  Res  _COERCENUMS
 17D5:14FB  Res  _COERCEDNUMS
 17D5:15AB  Res  __0JNEI
 17D5:15EB  Res  __0JISW
 17D5:162B  Res  __XEQ
 17D5:1658  Res  __0EEQ
 17D5:1761  Res  __0EQ
 17D5:182A  Res  __0NE
 17D5:18F6  Res  __0LT
 17D5:19B2  Res  __XLT
 17D5:19E7  Res  __0LE
 17D5:1AA3  Res  __0GT
 17D5:1B5F  Res  __0GE
 17D5:1C1B  Res  __0NOT
 17D5:1C2F  Res  __0AND
 17D5:1C4C  Res  __0OR
 17D5:1C69  Res  __0NEGATE
 17D5:1CC8  Res  __0ABS
 17D5:1D31  Res  __0PLUS
 17D5:1EAA  Res  __0MINUS
 17D5:1F89  Res  __0MULT
 17D5:200B  Res  __0DIVIDE
 17D5:20A6  Res  __0DEC
 17D5:2109  Res  __0INC
 19EB:000C  Res  __INSTD_
 19ED:00BE  Res  __GTWCREATE
 19ED:0120  Res  __GTWDESTROY
 19ED:0174  Res  __GTWFLASH
 19ED:0254  Res  __GTWAPP
 19ED:0268  Res  __GTWCURRENT
 19ED:037A  Res  __GTWPOS
 19ED:03AC  Res  __GTWVIS
 19ED:04FC  Res  __GTMODALREAD
 19ED:0F1E  Res  __GTSLR
 19ED:0F90  Res  DISPBEGIN
 19ED:0F96  Res  DISPEND
 19ED:0F9C  Res  DISPCOUNT
 19ED:0FBE  Res  __GTSCRDIM
 19ED:0FD8  Res  __GTISCOLOR
 19ED:0FE8  Res  __GTMAXROW
 19ED:0FF2  Res  __GTMAXCOL
 19ED:0FFC  Res  __GTSETCURSOR
 19ED:101C  Res  __GTGETCURSOR
 19ED:1032  Res  __GTSETPOS
 19ED:1054  Res  __GTGETPOS
 19ED:1078  Res  __GTSETCOLOR
 19ED:10A8  Res  __GTGETCOLOR
 19ED:10CC  Res  __GTSETBORDER
 19ED:112C  Res  __GTBEGINWRITE
 19ED:12F8  Res  __GTENDWRITE
 19ED:13F4  Res  __GTSCROLL
 19ED:147A  Res  __GTWRITEAT
 19ED:14E4  Res  __GTWRITE
 19ED:1510  Res  __GTWRITECON
 19ED:16AA  Res  __GTREPCHAR
 19ED:16FC  Res  __GTRECTSIZE
 19ED:1740  Res  __GTSAVE
 19ED:179A  Res  __GTREST
 19ED:17F4  Res  __GTBOX
 19ED:1862  Res  __GTBOXS
 19ED:1880  Res  __GTBOXD
 19ED:189E  Res  __GTSETSNOWFLAG
 19ED:18D6  Res  __GTSETBLINK
 19ED:18F6  Res  __GTFLUSHCURSOR
 19ED:190A  Res  __GTPREEXT
 19ED:193C  Res  __GTPOSTEXT
 19ED:19A6  Res  __GTSETMODE
 19ED:19FA  Res  __GTDISPCOUNT
 19ED:1A12  Res  __GTDISPBEGIN
 19ED:1A36  Res  __GTDISPEND
 1B91:0006  Res  _SETLASTTRAN
 1B91:0018  Res  __DBGTERMX
 1B91:0232  Res  __INKEY0
 1B91:0254  Res  _NOW
 1B91:02A6  Res  __INKEY1
 1B91:03A8  Res  NEXTKEY
 1B91:0418  Res  LASTKEY
 1B91:04C2  Res  __KEYBOARD
 1B91:0610  Res  SETKEY
 1B91:06E6  Res  __MODAL_KEY
 1B91:080C  Res  __PCOL
 1B91:081C  Res  __PROW
 1B91:082C  Res  SETPRC
 1B91:0A62  Res  __EJECT
 1B91:0BCA  Res  __CQOUT
 1B91:0BF0  Res  QQOUT
 1B91:0CB6  Res  QOUT
 1B91:0CCC  Res  __XSETCURSOR
 1B91:0D0A  Res  __SETPOS
 1B91:0D58  Res  __SETPOSBS
 1B91:0D90  Res  DISPOUT
 1B91:0E6A  Res  __DEVPOS
 1B91:0EF2  Res  DEVOUT
 1B91:0FF2  Res  __ROW
 1B91:101C  Res  __COL
 1B91:139C  Res  __XHELP
 1B91:14DA  Res  __TERMSLR
 1B91:158A  Res  __PRINTOUT
 1B91:15B0  Res  __CONOUT
 1CFE:000E  Res  DISPBOX
 1D17:0004  Res  __TCVT
 1D30:0006  Res  _CPARSE
 1D30:0250  Res  _SPARSE
 1D30:0356  Res  __XSETCOLOR
 1D30:05DE  Res  SETCOLOR
 1D30:05F8  Res  SETBLINK
 1D30:06FE  Res  COLORSELEC
 1DA2:0002  Res  SETCURSOR
 1DA3:000C  Res  __PARSEATS
 1DA3:01AC  Res  __PICTLITERAL
 1DA3:0266  Res  __DATETEMPLATE
 1DA3:0882  Res  __TBUFFPREP
 1DA3:093A  Res  __ZZTRAN
 1DA3:0CCC  Res  __ZTRAN
 1DA3:0E3C  Res  __XTRAN
 1DA3:0E7C  Res  __YTRAN
 1DA3:0EBE  Res  __TRANS
 1DA3:0F38  Res  DEVOUTPICT
 1DA3:1006  Res  TRANSFORM
 1EA3:005E  Res  __ISRDD
 1EA3:0288  Res  __ISRDDTYPE
 1EA3:0530  Res  __DBUNLOADALL
 1EA3:05EC  Res  __RDDDISINHERIT
 1EA3:063C  Res  __RDDINHERIT
 1EA3:06FE  Res  __XFTABLEGETPTR
 1EA3:0750  Res  __XFTABLEDISCARDPTR
 1EA3:07F4  Res  __RDDSERVERSHUTDOWN
 1EA3:0822  Res  RDDREGISTE
 1EA3:08D4  Res  RDDLIST
 1EA3:09EC  Res  __RDDEXTENDTYPE
 1EA3:0A88  Res  __RDDFIELDTYPE
 1F55:000A  Res  __XPARAMERROR
 1F55:0024  Res  __XNOTABLEERROR
 1F55:003A  Res  __XSELECT
 1F55:00CC  Res  __STRIMTOUPPER
 20CE:000E  Res  __NETMESS
 20CE:0010  Res  __NETALCK
 20CE:0056  Res  __NETAUNL
 20CE:0076  Res  __NETFLCK
 20CE:0096  Res  __NETFUNL
 20CE:00B8  Res  __NETRLCK
 20CE:00E0  Res  __NETRUNL
 20CE:0106  Res  __NETWHO
 20CE:011A  Res  NETNAME
 20CE:019A  Res  __INDEXEXCLLOCK
 20CE:01BE  Res  __INDEXEXCLUNLOCK
 20EC:0000  Res  __EMMALLOCPAGES
 20ED:0006  Res  __EMMCONTEXTSAVE
 20ED:0016  Res  __EMMCONTEXTREST
 20EF:0006  Res  __EMMDEALLOCPAGES
 20F0:0006  Res  __EMMMAPUNMAPPAGE
 20F2:0000  Res  __EMMGETPAGEFRAMESEG
 20F3:000A  Res  __EMMGETVERSION
 20F5:0002  Res  __BEEP_
 2277:000E  Res  _CDXTAGVALTOKEY
 2277:00C8  Res  _CDXTAGSKIP
 2277:07DA  Res  _CDXKEYSEEK
 2277:0FF2  Res  _CDXTAGGOTO
 2277:109A  Res  _CDXTAGINSERTKEY
 2277:23AA  Res  _CDXTAGDELETEKEY
 2277:2B58  Res  __CDXGOCOLD
 2277:2F20  Res  _CDXTAGGOTOP
 2277:2F66  Res  _CDXTAGGOBOTTOM
 2277:2FAE  Res  _CDXTAGGOSELF
 2277:3118  Res  _CDXTAGSEEK
 2277:3250  Res  __CDXKEYREFRESH
 2277:3286  Res  __CDXREBUILDKEYS
 25D2:0006  Res  _NSXTAGVALTOKEY
 25D2:0106  Res  _NSXTAGSKIP
 25D2:0774  Res  _NSXKEYSEEK
 25D2:10AA  Res  _NSXTAGGOTO
 25D2:1152  Res  _NSXTAGINSERTKEY
 25D2:1810  Res  __NSXGETPARENTKEY
 25D2:2738  Res  _NSXTAGDELETEKEY
 25D2:2EF2  Res  __NSXGOCOLD
 25D2:327A  Res  _NSXTAGGOTOP
 25D2:32C0  Res  _NSXTAGGOBOTTOM
 25D2:3308  Res  _NSXTAGGOSELF
 25D2:3472  Res  _NSXTAGSEEK
 25D2:3592  Res  __NSXKEYREFRESH
 25D2:3682  Res  _NSXCOMPRESSKEY
 25D2:3886  Res  _NSXEXPANDKEY
 25D2:39BE  Res  _NSXKEYFORWARD
 25D2:3A66  Res  __NSXITEMRECNO
 25D2:3AA8  Res  __NSXSPLITRECNO
 297F:0002  Res  __SWDOERROR
 297F:00D8  Res  _SXDBFREAD
 297F:03BC  Res  _SXDBFWRITE
 297F:063E  Res  _SXDBFWRITEHEADER
 297F:0778  Res  _GET_RECCOUNT
 297F:07B4  Res  __SXDBFGOHOT
 297F:081E  Res  __SXDBFGOCOLD
 297F:0884  Res  __SXDBFGOTOID
 297F:08CE  Res  __SXDBFGOTO
 297F:09E0  Res  __SXDBFGOTOP
 297F:0A24  Res  __SXDBFGOBOTTOM
 297F:0A98  Res  __SXDBFSKIPRAW
 297F:0B06  Res  __SXDBFSKIP
 297F:0BCE  Res  __SXDBFFLUSH
 297F:0CDC  Res  __SXDBFCLOSE
 297F:0F8E  Res  __SXDBFSETFIELDEXTENT
 297F:0FC8  Res  __SXDBFADDFIELD
 297F:13F8  Res  __SWDEFALIAS
 297F:148A  Res  __SXDBFOPEN
 297F:1822  Res  __SXDBFCREATE
 297F:1BA4  Res  __SXDBFNEW
 297F:1BD0  Res  __SXDBFGETVARLEN
 297F:1C40  Res  __SXDBFGETVALUE
 297F:1EA4  Res  __SXDBFPUTVALUE
 297F:21D2  Res  __SXDBFBOF
 297F:2208  Res  __SXDBFEOF
 297F:223E  Res  __SXDBFFOUND
 297F:2274  Res  __SXDBFLOCK
 297F:22D6  Res  __SXDBFFLOCK
 297F:2386  Res  __SXDBFAPPEND
 297F:2668  Res  __SXDBFPUTREC
 297F:26AE  Res  __SXDBFTRANSREC
 297F:277C  Res  __SXDBFTRANS
 2BFF:0008  Res  __SWOURDRIVER
 2BFF:0138  Res  ___DBL2X
 2C18:000A  Res  __TCREAT
 2C18:0020  Res  __TUNLINK
 2C18:0034  Res  __TOPEN
 2C18:004A  Res  __TCLOSE
 2C18:005A  Res  __TREAD
 2C18:0074  Res  __TWRITE
 2C18:008E  Res  __TLSEEK
 2C18:00A8  Res  __TRENAME
 2C18:00C2  Res  __TLOCK
 2C18:00E2  Res  __TCOMMIT
 2C27:0002  Res  __XVALLOC
 2C27:005A  Res  __XVFREE
 2C27:0086  Res  __XVREALLOC
 2C27:00EE  Res  __XVLOCK
 2C27:0138  Res  __XVWIRE
 2C27:017E  Res  __XVUNLOCK
 2C27:01CC  Res  __XVUNWIRE
 2C27:01DC  Res  __XVLOCKCOUNT
 2C27:021A  Res  __XVSIZE
 2C27:0258  Res  __XVHEAPNEW
 2C27:02C6  Res  __XVHEAPDESTROY
 2C27:02D6  Res  __XVHEAPRESIZE
 2C27:03C8  Res  __XVHEAPALLOC
 2C27:041E  Res  __XVHEAPFREE
 2C27:046E  Res  __XVHEAPLOCK
 2C27:04DC  Res  __XVHEAPUNLOCK
 2C7A:0000  Res  __DYN_INIT
 2C7A:000B  Res  __DYN_RELEASE
 2C7A:0012  Res  __DYN_GETNBRPAGES
 2C7A:004A  Res  __DYN_GETPAGE
 2C7A:00AF  Res  __DYN_FNAME
 2C8C:0546  Res  __DYNX_READ
 2C8C:0690  Res  __DYNXSLR
 2CFE:0070  Res  __ITEMSIZE
 2CFE:00B0  Res  __ITEMRELEASE
 2CFE:00CE  Res  __ITEMNEW
 2CFE:00DE  Res  __ITEMTYPE
 2CFE:00EC  Res  __ITEMPUTL
 2CFE:011C  Res  __ITEMPUTCL
 2CFE:015C  Res  __ITEMPUTC
 2CFE:0184  Res  __ITEMCOPYC
 2CFE:01CC  Res  __ITEMPUTNL
 2CFE:01FE  Res  __ITEMPUTND
 2CFE:0248  Res  __ITEMPUTDS
 2CFE:029E  Res  __ITEMGETC
 2CFE:02AC  Res  __ITEMFREEC
 2CFE:02C2  Res  __ITEMGETNL
 2CFE:02D0  Res  __ITEMGETL
 2CFE:02DC  Res  __ITEMGETDS
 2CFE:0304  Res  __ITEMGETND
 2CFE:036A  Res  __ITEMPARAM
 2CFE:03A2  Res  __ITEMRETURN
 2CFE:03C6  Res  __ITEMARRAYNEW
 2CFE:03E4  Res  __ITEMARRAYGET
 2CFE:0422  Res  __ITEMARRAYPUT
 2CFE:0450  Res  __EVALNEW
 2CFE:0476  Res  __EVALPUTPARAM
 2CFE:0494  Res  __EVALLAUNCH
 2CFE:05C2  Res  __EVALRELEASE
 2D60:000E  Pag  ADPP001
 2D60:001C  Pag  RDDSYS
 2D60:0023  Pag  SIXTOOLS
 2D60:002A  Pag  ODOMETER
 2D60:0038  Pag  RYOFILT
 2D60:003F  Pag  _M6ISTAGGE
 2D60:0046  Pag  ADP_P001
 2D60:004D  Pag  CIRCULAR
 2D60:0054  Pag  CIR_INCL
 2D60:005B  Pag  CIR_TELA
 2D60:0062  Pag  CIR_GETS
 2D60:0069  Pag  CIR_GET1
 2D60:0070  Pag  CPR_INCL
 2D60:0077  Pag  CPR_TELA
 2D60:007E  Pag  CPR_GETS
 2D60:0085  Pag  CPR_GET1
 2D60:008C  Pag  RV4401F9
 2D60:0093  Pag  VAL_01F9
 2D60:009A  Pag  PAR_ADM
 2D60:00A1  Pag  PAR_TELA
 2D60:00A8  Pag  PAR_GETS
 2D60:00AF  Pag  PAR_GET1
 2D60:00B6  Pag  ADP_ESTR
 2D60:00BD  Pag  GRU_ESTR
 2D60:00C4  Pag  ECO_ESTR
 2D60:00CB  Pag  INS_ESTR
 2D60:00D2  Pag  TAX_ESTR
 2D60:00D9  Pag  CAN_ESTR
 2D60:00E0  Pag  PRC_ESTR
 2D60:00E7  Pag  EMC_ESTR
 2D60:00EE  Pag  TCA_ESTR
 2D60:00F5  Pag  CST_ESTR
 2D60:00FC  Pag  BOL_ESTR
 2D60:0103  Pag  LBX_ESTR
 2D60:010A  Pag  BXB_ESTR
 2D60:0111  Pag  TXP_ESTR
 2D60:0118  Pag  TX2_ESTR
 2D60:011F  Pag  CLA_ESTR
 2D60:0126  Pag  CLP_ESTR
 2D60:012D  Pag  ARQ_ESTR
 2D60:0134  Pag  FCG_ESTR
 2D60:013B  Pag  REG_ESTR
 2D60:0142  Pag  COB_ESTR
 2D60:0149  Pag  PCB_ESTR
 2D60:0150  Pag  FCC_ESTR
 2D60:0157  Pag  CIR_ESTR
 2D60:015E  Pag  CPR_ESTR
 2D60:0165  Pag  FNC_ESTR
 2D60:016C  Pag  JUR_ESTR
 2D60:0173  Pag  HIS_ESTR
 2D60:017A  Pag  CGR_ESTR
 2D60:0181  Pag  COE_ESTR
 2D60:0188  Pag  CIN_ESTR
 2D60:018F  Pag  CTA_ESTR
 2D60:0196  Pag  PRO_ESTR
 2D60:019D  Pag  TFI_ESTR
 2D60:01A4  Pag  TXE_ESTR
 2D60:01AB  Pag  BXR_ESTR
 2D60:01B2  Pag  ALE_ESTR
 2D60:01B9  Pag  BXF_ESTR
 2D60:01C0  Pag  BXT_ESTR
 2D60:01C7  Pag  TRO_ESTR
 2D60:01CE  Pag  MEN_ESTR
 2D60:01D5  Pag  CEP_ESTR
 2D60:01DC  Pag  PAR_ESTR
 2D60:01E3  Pag  ADP_ATRI
 2D60:01EA  Pag  ADP_ATR1
 2D60:01F1  Pag  ADP_ATR2
 2D60:01F8  Pag  ADP_ATR3
 2D60:01FF  Pag  SOBRE_
 2D60:0206  Pag  R08704F9
 2D60:020D  Pag  V87001F9
 2D60:0214  Pag  V03001F9
 2D60:021B  Pag  ADP_OUTR
 2D60:0222  Pag  CALE
 2D60:0229  Pag  MAQCALC
 2D60:0237  Pag  QMES
 2D60:023E  Pag  ATUVALOR
 2D60:0245  Pag  PENDENTES
 2D60:024C  Pag  ADP_PROC
 2D60:0253  Pag  CBC1
 2D60:025A  Pag  GBAK
 2D60:0261  Pag  RBAK
 2D60:0268  Pag  RCLA
 2D60:026F  Pag  COMPACTA
 2D60:0276  Pag  CONFPRN
 2D60:027D  Pag  IMP_MARCA
 2D60:0284  Pag  IMP_PADRAO
 2D60:028B  Pag  IMP_PORTA
 2D60:0292  Pag  CONFCORES
 2D60:0299  Pag  AJMOUSE
 2D60:02A0  Pag  MASENHA
 2D60:02A7  Pag  TROCASENHA
 2D60:02AE  Pag  PW_INCL
 2D60:02B5  Pag  BROWSE_REL
 2D60:02CA  Pag  DOSCOM
 2D60:02D1  Pag  PARAMETROS
 2D60:02D8  Pag  FILTRA
 2D60:02DF  Pag  VEOUTROS
 2D60:02E6  Pag  VE_CAMPOS
 2D60:02ED  Pag  INDTMP
 2D60:02F4  Pag  REP
 2D60:02FB  Pag  CONF
 2D60:0302  Pag  CLASS
 2D60:0309  Pag  POSI
 2D60:0310  Pag  IMPRELA
 2D60:0317  Pag  REIMPTEL
 2D60:031E  Pag  EDIT
 2D60:0325  Pag  REGINICIO
 2D60:032C  Pag  INI_ARQ
 2D60:0333  Pag  FIM_ARQ
 2D60:033A  Pag  POSIPAI
 2D60:0341  Pag  IMP_FORM
 2D60:0348  Pag  PEGACHV2
 2D60:034F  Pag  GLOBAL
 2D60:0356  Pag  SUBNIVEL
 2D60:035D  Pag  INTREF
 2D60:0364  Pag  VE_REL
 2D60:036B  Pag  HELP
 2D60:0372  Pag  MHELP
 2D60:0379  Pag  NADAFAZ
 2D60:0380  Pag  INFOSIS
 2D60:0387  Pag  TIRA_LANC
 2D60:038E  Pag  FAZ_LANC
 2D60:0395  Pag  ERRORSYS
 2D60:039C  Pag  ADP_FUNC
 2D60:03A3  Pag  CANC
 2D60:03AA  Pag  ROLATELA
 2D60:03B1  Pag  PEGAPAI
 2D60:03B8  Pag  MENURELA
 2D60:03BF  Pag  QUALRELA
 2D60:03C6  Pag  OPCOES_REL
 2D60:03CD  Pag  OPCOES_ETQ
 2D60:03D4  Pag  TP_SAIDA
 2D60:03DB  Pag  TRANSCAMPO
 2D60:03E2  Pag  ARQGER
 2D60:03E9  Pag  PREPIMP
 2D60:03F0  Pag  CONFINCL
 2D60:03F7  Pag  CONFEXCL
 2D60:03FE  Pag  CONFALT
 2D60:0405  Pag  ROLAPOP
 2D60:040C  Pag  PEGADIR
 2D60:0413  Pag  CRIADRV
 2D60:041A  Pag  ABRE
 2D60:0421  Pag  CRIADBF
 2D60:0428  Pag  IMPEXP
 2D60:042F  Pag  IMPCTL
 2D60:0436  Pag  IMPMEMO
 2D60:043D  Pag  PTAB
 2D60:0444  Pag  USEARQ
 2D60:044B  Pag  CRIT
 2D60:0452  Pag  EDITA
 2D60:0459  Pag  MOV_PTR
 2D60:04D7  Pag  POINTER_DB
 2D60:04DE  Pag  VDBF
 2D60:04E5  Pag  MOUSETECLA
 2D60:04F3  Pag  READMODAL
 2D60:04FA  Pag  GETREADER
 2D60:0501  Pag  AJUSTA_PIC
 2D60:0508  Pag  GETAPPLYKE
 2D60:050F  Pag  GETPREVALI
 2D60:0516  Pag  GETPOSTVAL
 2D60:051D  Pag  GETDOSETKE
 2D60:0547  Pag  __SETFORMA
 2D60:054E  Pag  __KILLREAD
 2D60:0555  Pag  GETACTIVE
 2D60:055C  Pag  UPDATED
 2D60:0563  Pag  READEXIT
 2D60:056A  Pag  READINSERT
 2D60:057F  Pag  RANGECHECK
 2D60:0586  Pag  READKILL
 2D60:058D  Pag  STORECARGO
 2D60:0594  Pag  STOREALL
 2D60:05A2  Pag  IMPAC
 2D60:05A9  Pag  EDIMEMO
 2D60:05B0  Pag  MFUNC
 2D60:05B7  Pag  MTAB
 2D60:05BE  Pag  PWORD
 2D60:05C5  Pag  DLAPSO
 2D60:05CC  Pag  CARDTYPE
 2D60:05D3  Pag  NMES
 2D60:05DA  Pag  MMAA
 2D60:05E1  Pag  GDV1
 2D60:05E8  Pag  VDV2
 2D60:05EF  Pag  VCGC
 2D60:05F6  Pag  BLOARQ
 2D60:05FD  Pag  REPBLO
 2D60:0604  Pag  DBOX
 2D60:0620  Pag  JOGANOBUFF
 2D60:0627  Pag  NOVAPOSI
 2D60:062E  Pag  Q_TEC
 2D60:0635  Pag  LPAD
 2D60:063C  Pag  CAIXA
 2D60:0643  Pag  NSEM
 2D60:064A  Pag  MUDAFONTE
 2D60:0651  Pag  LEMANU
 2D60:0658  Pag  ALERTA
 2D60:065F  Pag  BLOREG
 2D60:0666  Pag  PARSE
 2D60:066D  Pag  LRELA
 2D60:0674  Pag  SETS
 2D60:067B  Pag  ERROMSG
 2D60:0682  Pag  INVCOR
 2D60:0689  Pag  MUDA_PJ
 2D60:0690  Pag  MON_JAN_MO
 2D60:0697  Pag  MOUSE
 2D60:069E  Pag  MOUSECUR
 2D60:06A5  Pag  MOUSEBOX
 2D60:06AC  Pag  MOUSEGET
 2D60:06B3  Pag  MOUSESET
 2D60:06BA  Pag  IN_KEY
 2D60:06C8  Pag  MONTA_BUFF
 2D60:06CF  Pag  KEYB_MAC
 2D60:06D6  Pag  KEYBUFF
 2D60:06DD  Pag  MOUSERAT
 2D60:06E4  Pag  NAOPISCA
 2D60:06EB  Pag  SERIAL
 2D60:06F2  Pag  PARALELA
 2D60:06F9  Pag  MAIUSC
 2D60:0707  Pag  SYSINIT
 2D60:070E  Pag  __SETCENTU
 2D60:0715  Pag  _EINSTVAR
 2D60:071C  Pag  __XSAVESCR
 2D60:0723  Pag  __XRESTSCR
 2D60:0731  Pag  __SETHELPK
 2D60:0738  Pag  GETNEW
 2D60:073F  Pag  __GETHASFO
 2D60:0746  Pag  __GETBUFFE
 2D60:074D  Pag  __GETORIGI
 2D60:0754  Pag  __GETSETCA
 2D60:075B  Pag  __GETSETBL
 2D60:0762  Pag  __GETSETNA
 2D60:0769  Pag  __GETSETPI
 2D60:0770  Pag  __GETSETPB
 2D60:0777  Pag  __GETSETPR
 2D60:077E  Pag  __GETSETSU
 2D60:0785  Pag  __GETSETEX
 2D60:078C  Pag  __GETSETRE
 2D60:0793  Pag  __GETSETBU
 2D60:079A  Pag  __GETBADDA
 2D60:07A1  Pag  __GETUNDO
 2D60:07A8  Pag  __GETTODEC
 2D60:07AF  Pag  __GETDWLEF
 2D60:07B6  Pag  READVAR
 2D60:07C4  Pag  _DTXCONDSE
 2D60:07CB  Pag  DBCREATEIN
 2D60:07D2  Pag  DBSETINDEX
 2D60:07D9  Pag  DBCLEARIND
 2D60:07E0  Pag  DBREINDEX
 2D60:07E7  Pag  DBSETORDER
 2D60:07EE  Pag  INDEXEXT
 2D60:07F5  Pag  INDEXKEY
 2D60:07FC  Pag  __DBLOCATE
 2D60:0803  Pag  __DBCONTIN
 2D60:080A  Pag  __FLEDIT
 2D60:0818  Pag  __DBSDF
 2D60:0826  Pag  SDF
 2D60:082D  Pag  STRZERO
 2D60:0834  Pag  AFILL
 2D60:083B  Pag  ACLONE
 2D60:0842  Pag  DEFPATH
 2D60:0849  Pag  __DEFPATH
 2D60:0850  Pag  ADIR
 2D60:0857  Pag  __TSETCARG
 2D60:085E  Pag  __TSETCOLU
 2D60:0865  Pag  __TCARGO
 2D60:086C  Pag  __TCOLUMN
 2D60:0873  Pag  __TCOLCOUN
 2D60:087A  Pag  __TSETRTOP
 2D60:0881  Pag  __TSETRLEF
 2D60:0888  Pag  __TSETRBOT
 2D60:088F  Pag  __TSETRRIG
 2D60:0896  Pag  __TSETHEAD
 2D60:089D  Pag  __TSETCOLS
 2D60:08A4  Pag  __TSETFOOT
 2D60:08AB  Pag  __TSETCOLO
 2D60:08B2  Pag  __TSETSKIP
 2D60:08B9  Pag  __TSETTOP
 2D60:08C0  Pag  __TSETBOTT
 2D60:08C7  Pag  __TADDCOLU
 2D60:08CE  Pag  __TINSCOLU
 2D60:08D5  Pag  __TDELCOLU
 2D60:08DC  Pag  TBROWSENEW
 2D60:08E3  Pag  __CSETWIDT
 2D60:08EA  Pag  __CSETBLOC
 2D60:08F1  Pag  __CSETDEFC
 2D60:08F8  Pag  __CSETCOLO
 2D60:08FF  Pag  __CSETHEAD
 2D60:0906  Pag  __CSETFOOT
 2D60:090D  Pag  __CSETHSEP
 2D60:0914  Pag  __CSETFSEP
 2D60:091B  Pag  __CSETCOLS
 2D60:0922  Pag  __CSETPICT
 2D60:0929  Pag  TBCOLUMNNE
 2D60:0937  Pag  TBROWSEDB
 2D60:094C  Pag  SIXCDX
 2D60:0961  Pag  SIXNSX
 2D60:0968  Pag  SX_DEFTRIG
 2D60:096F  Pag  _M6CONDSET
 2D60:0976  Pag  M6_ORDCOND
 2D60:097D  Pag  M6_ORDCREA
 2D60:0984  Pag  M6_CREATEI
 2D60:0992  Pag  _M6CONVERT
 2D60:0999  Pag  _M6ISKEYTY
 2D60:09A0  Pag  M6_DBEVAL
 2D60:09A7  Pag  M6_NEWFILT
 2D60:09AE  Pag  M6_ADDSCOP
 2D60:09B5  Pag  _M6ISORDER
 2D60:09BC  Pag  _M6CVTORDA
 2D60:09C3  Pag  _ORDER
 2D60:09CA  Pag  BLICALC50
 2D60:09D1  Pag  BLIMEMAVL
 2D60:09D8  Pag  BLIMEMMAX
 2D60:09DF  Pag  BLPRFPRG
 2D60:09E6  Pag  BLERRC50
 2E00:0010  Ovl  HLDIRDEF
 2E00:0016  Ovl  HLMAXREDE
 2E00:001C  Ovl  HLVOLUMES
 2E00:0022  Ovl  HLTAMANHO
 2E00:0028  Ovl  HLINVRSTS
 2E00:002E  Ovl  HLRESETS
 2E00:0034  Ovl  HLMAXDIAS
 2E00:003A  Ovl  HLDIAS
 2E00:0040  Ovl  HLMAXEXECS
 2E00:0046  Ovl  HLEXECS
 2E00:004C  Ovl  HLMAXINSTS
 2E00:0052  Ovl  HLINSTS
 2E00:0058  Ovl  HLMSGERR
 2E00:005E  Ovl  HLPERSONA
 2E00:0064  Ovl  HLCOMPAC
 2E00:006A  Ovl  HLPROTEG
 2E00:0070  Ovl  HLDIRINST
 2E00:0076  Ovl  HLNUMSERIE
 2E00:007C  Ovl  HLUSUARIO
 2E00:0082  Ovl  HLLEPROT
 2E00:0088  Ovl  _P_CR_CRIPT
 2E00:0094  Ovl  _CONV_TOUPPER
 2E00:009A  Ovl  _HL_DIR_DEFAULT
 2E00:00A0  Ovl  _HL_LEPROT
 2E00:00AC  Ovl  _SSTRNCMP
 2E00:00B2  Ovl  _SSTRCMP
 2E00:00B8  Ovl  _SSTRREV
 2E00:00BE  Ovl  _SSTRCH
 2E00:00C4  Ovl  _SSTRCAT
 2E00:00CA  Ovl  _SSTRNCPY
 2E00:00D0  Ovl  _SSTRCPY
 2E00:00D6  Ovl  _SSTRLEN
 2E00:00DC  Ovl  _SHRIGHT
 2E00:00E2  Ovl  _SHLEFT
 2E00:00E8  Ovl  _H_RAND
 2E00:00EE  Ovl  _H_SRAND
 2E00:00F4  Ovl  _H_MEMCMP
 2E00:00FA  Ovl  _H_MEMSET
 2E00:0100  Ovl  _H_MEMCPY
 2E00:0106  Ovl  _H_LTOA
 2E00:010C  Ovl  _H_ATOL
 2E00:0118  Ovl  _H_POKEB
 2E00:011E  Ovl  _H_PEEKB
 2E00:0124  Ovl  _CHECK_UNLOCK
 2E00:0130  Ovl  _REMOVE_PROT_FILE
 2E00:0136  Ovl  _CREATE_PROT_FILE
 2E00:013C  Ovl  _GET_PROT_FILE
 2E00:0148  Ovl  _DT_GETINTTIME
 2E00:014E  Ovl  _DT_GETINTDATE
 2E00:015A  Ovl  _GET_MAGIC_CHAR
 2E00:0160  Ovl  _CHECK_NTFS
 2E00:0166  Ovl  _REMOVE_UNINSTAL
 2E00:016C  Ovl  _FIND_UNINSTAL
 2E00:0172  Ovl  _VALID_FILE_ENV
 2E00:0178  Ovl  _GET_FILE_ENV
 2E00:0184  Ovl  _CHECK_FLOPPY_DRIVE
 2E00:018A  Ovl  _UPDATE_PROT_DISK
 2E00:0190  Ovl  _CREATE_PROT_DISK
 2E00:0196  Ovl  _FIND_FLOPPY_PROT
 2E00:01A2  Ovl  _GET_NRO_LOCK
 2E00:01A8  Ovl  _CHK_NETWORK
 2E00:01B4  Ovl  _SSTRRCHR
 2E00:01BA  Ovl  _STRFIELDCPY
 2E00:01C0  Ovl  _SSTRTRUNC
 2E00:01CC  Ovl  _H_UNLOCK
 2E00:01D2  Ovl  _H_EOF
 2E00:01D8  Ovl  _H_LSEEK
 2E00:01DE  Ovl  _H_INTR
 2E00:01E4  Ovl  _H_FINDFIRST
 2E00:01EA  Ovl  _H_CHMOD
 2E00:01F0  Ovl  _H_INTDOSX
 2E00:01F6  Ovl  _H_GETLASTERROR
 2E00:01FC  Ovl  _H_LOCK
 2E00:0202  Ovl  _H_RMDIR
 2E00:0208  Ovl  _H_MKDIR
 2E00:020E  Ovl  _H_CHDIR
 2E00:0214  Ovl  _H_CLOSE
 2E00:021A  Ovl  _H_TELL
 2E00:0220  Ovl  _H_REMOVE
 2E00:0226  Ovl  _H_READ
 2E00:022C  Ovl  _H_GETDISK
 2E00:0232  Ovl  _H_BIOSTIME
 2E00:0238  Ovl  _H_FREE
 2E00:023E  Ovl  _H_WRITE
 2E00:0244  Ovl  _H_INTDOS
 2E00:024A  Ovl  _H_GETCURDIR
 2E00:0250  Ovl  _H_GETCWD
 2E00:0256  Ovl  _H_CREATE
 2E00:025C  Ovl  _H_GETDFREE
 2E00:0262  Ovl  _H_RENAME
 2E00:0268  Ovl  _H_OPEN
 2E00:026E  Ovl  _H_SET_DTA
 2E00:0274  Ovl  _H_GET_DTA
 2E00:027A  Ovl  _H_GETPSP
 2E00:0280  Ovl  _H_FINDNEXT
 2E00:0286  Ovl  _H_MALLOC
 2E00:028C  Ovl  _H_SEGREAD
 2E00:0292  Ovl  _H_SETVECT
 2E00:0298  Ovl  _H_GETVECT
 2E00:02A4  Ovl  _ATMACHINE
 2E00:02AA  Ovl  _CHECK_DRIVE
 2E00:02B0  Ovl  _GET_DRIVE_MIDIA
 2E00:02B6  Ovl  _GETPROT
 2E00:02BC  Ovl  _READPROT
 2E00:02C2  Ovl  _WRITEPROT
 2E00:02C8  Ovl  _CREATEPROT
 2E00:02D4  Ovl  _FINISH_HANDLER
 2E00:02DA  Ovl  _H_HARDRETN
 2E00:02E0  Ovl  _H_BDOS
 2E00:02E6  Ovl  _INIT_HANDLER
 2E00:02F2  Ovl  LUMOD@
 2E00:02F8  Ovl  LDIV@
 2E00:02FE  Ovl  F_LUMOD@
 2E00:0304  Ovl  N_LUMOD@
 2E00:030A  Ovl  N_LMOD@
 2E00:0310  Ovl  F_LMOD@
 2E00:0316  Ovl  LMOD@
 2E00:031C  Ovl  N_LUDIV@
 2E00:0322  Ovl  F_LUDIV@
 2E00:0328  Ovl  LUDIV@
 2E00:032E  Ovl  N_LDIV@
 2E00:0334  Ovl  F_LDIV@
 2E00:033A  Ovl  __GETENV
 2E00:0346  Ovl  __AWK
 2E00:034C  Ovl  __SQU
 2E00:0358  Ovl  __QUIT
 2E00:035E  Ovl  __SYSINIT
 2E00:0364  Ovl  __SYSSUSPEND
 2E00:036A  Ovl  __SYSRESUME
 2E00:0370  Ovl  __SYSEXIT
 2E00:0376  Ovl  __SYSLEVEL
 2E00:037C  Ovl  __SYSERRORLEVEL
 2E00:0382  Ovl  __SYSPOSTARGS
 2E00:0388  Ovl  ERRORLEVEL
 2E00:0394  Ovl  __APPINITREGISTER
 2E00:039A  Ovl  __APPMAIN
 2E00:03C4  Ovl  __APPEXITREGISTER
 2E00:03CA  Ovl  __APPEXIT
 2E00:03D6  Ovl  __SYSTEM
 2E00:03DC  Ovl  __RUN
 2E00:03E8  Ovl  __ISENDP
 2E00:03EE  Ovl  __CLASSSEL
 2E00:03F4  Ovl  __CLASSINS
 2E00:03FA  Ovl  __MDCREATE
 2E00:0406  Ovl  __MDADD
 2E00:040C  Ovl  __MDASSOCIATE
 2E00:041E  Ovl  __CLASSNEW
 2E00:0424  Ovl  __CLASSADD
 2E00:0436  Ovl  __CLASSNAM
 2E00:0442  Ovl  __TBNAME
 2E00:0448  Ovl  PROCNAME
 2E00:044E  Ovl  PROCLINE
 2E00:0454  Ovl  PROCFILE
 2E00:045A  Ovl  ADEL
 2E00:0460  Ovl  AINS
 2E00:0466  Ovl  ATAIL
 2E00:047E  Ovl  __MSAVE
 2E00:0484  Ovl  __MRESTORE
 2E00:0490  Ovl  __MXRELEAS
 2E00:0496  Ovl  __MRELEASE
 2E00:049C  Ovl  __MCLEAR
 2E00:04B4  Ovl  __CREATEERRORDICT
 2E00:04C6  Ovl  __IENDSEQ
 2E00:04CC  Ovl  __END_SEQ
 2E00:04D2  Ovl  __SEQREG
 2E00:04D8  Ovl  __IBEGINSEQ
 2E00:04DE  Ovl  __IBREAKCONT
 2E00:04EA  Ovl  _MALLOC
 2E00:04F0  Ovl  _FREE
 2E00:04F6  Ovl  __FMALLOC
 2E00:04FC  Ovl  __FFREE
 2E00:0502  Ovl  __NMALLOC
 2E00:0508  Ovl  __NFREE
 2E00:050E  Ovl  MEMORY
 2E00:0526  Ovl  __COUTSTD
 2E00:052C  Ovl  __ERRMSG
 2E00:0532  Ovl  __COUTERR
 2E00:0538  Ovl  __ERRMSGN
 2E00:053E  Ovl  __NONOALER
 2E00:0544  Ovl  OUTSTD
 2E00:054A  Ovl  ALERT
 2E00:0550  Ovl  OUTERR
 2E00:0556  Ovl  __OUTINI
 2E00:0562  Ovl  ISCOLOR
 2E00:0568  Ovl  SETMODE
 2E00:056E  Ovl  NOSNOW
 2E00:057A  Ovl  MAXROW
 2E00:0580  Ovl  MAXCOL
 2E00:058C  Ovl  SAVESCREEN
 2E00:0592  Ovl  RESTSCREEN
 2E00:0598  Ovl  SCROLL
 2E00:05AA  Ovl  __GETSETUP
 2E00:05B0  Ovl  __GETCLASS
 2E00:05BC  Ovl  __GETCDISP
 2E00:05C2  Ovl  __TOGET
 2E00:05C8  Ovl  __GETROW
 2E00:05D4  Ovl  __GETCOL
 2E00:05DA  Ovl  _DISPLAYTHEGET
 2E00:05E0  Ovl  _GETGETCONTEXT
 2E00:05E6  Ovl  _SETGETCONTEXT
 2E00:05EC  Ovl  __GETSETRO
 2E00:05F2  Ovl  __GETSETCO
 2E00:05F8  Ovl  __GETVARGE
 2E00:05FE  Ovl  __GETVARPU
 2E00:0604  Ovl  __GET
 2E00:060A  Ovl  __GETA
 2E00:0616  Ovl  __GETCOLOR
 2E00:061C  Ovl  __GETSETCS
 2E00:0634  Ovl  __GETTYPE
 2E00:0640  Ovl  __GETSETFO
 2E00:0652  Ovl  __GETPOS
 2E00:065E  Ovl  __GETINSER
 2E00:066A  Ovl  __GETDECPO
 2E00:0670  Ovl  __GETOVERS
 2E00:067C  Ovl  __GETCHANG
 2E00:0682  Ovl  __GETKILLF
 2E00:0688  Ovl  __GETCLEAR
 2E00:068E  Ovl  __GETLEFT
 2E00:0694  Ovl  __GETRIGHT
 2E00:06A0  Ovl  __GETASSIG
 2E00:06A6  Ovl  __GETMINUS
 2E00:06AC  Ovl  __GETHOME
 2E00:06B8  Ovl  __GETEND
 2E00:06BE  Ovl  __GETTYPEO
 2E00:06C4  Ovl  __GETWORDL
 2E00:06D0  Ovl  __GETWORDR
 2E00:06D6  Ovl  __GETREJEC
 2E00:06DC  Ovl  __GETDELET
 2E00:06E8  Ovl  __GETWORDD
 2E00:06EE  Ovl  __GETSETPO
 2E00:06F4  Ovl  __GETRITED
 2E00:06FA  Ovl  __GETBACKS
 2E00:0700  Ovl  __GETUPDAT
 2E00:0706  Ovl  __GETSETCH
 2E00:071E  Ovl  __GETUNTRA
 2E00:0730  Ovl  __GETREFOR
 2E00:0736  Ovl  __GETSETCL
 2E00:073C  Ovl  __GETRESET
 2E00:074E  Ovl  __GETSETMI
 2E00:0754  Ovl  __GETDISPL
 2E00:0760  Ovl  ORDFOR
 2E00:0766  Ovl  ORDLISTADD
 2E00:076C  Ovl  ORDCONDSET
 2E00:0772  Ovl  ORDDESTROY
 2E00:0778  Ovl  ORDLISTCLE
 2E00:077E  Ovl  ORDCREATE
 2E00:0784  Ovl  ORDLISTREB
 2E00:078A  Ovl  ORDSETFOCU
 2E00:0790  Ovl  ORDBAGEXT
 2E00:079C  Ovl  ORDBAGNAME
 2E00:07A2  Ovl  ORDNAME
 2E00:07A8  Ovl  ORDNUMBER
 2E00:07AE  Ovl  ORDKEY
 2E00:07B4  Ovl  INDEXORD
 2E00:07C6  Ovl  RDDNAME
 2E00:07CC  Ovl  __DBCMDSLR
 2E00:07D2  Ovl  RDDSETDEFA
 2E00:07D8  Ovl  DBSETDRIVE
 2E00:07DE  Ovl  DBCLOSEALL
 2E00:07E4  Ovl  DBCLOSEARE
 2E00:07EA  Ovl  DBUSEAREA
 2E00:07F0  Ovl  __DEFDRIVER
 2E00:07F6  Ovl  DBTABLEEXT
 2E00:0802  Ovl  DBAPPEND
 2E00:0808  Ovl  __FLOCK
 2E00:080E  Ovl  DBDELETE
 2E00:0814  Ovl  __AXPROUT
 2E00:081A  Ovl  __EOF
 2E00:0820  Ovl  DBSELECTAR
 2E00:0826  Ovl  DBRECALL
 2E00:082C  Ovl  __BOF
 2E00:0832  Ovl  __DBPACK
 2E00:0838  Ovl  DBEVAL
 2E00:083E  Ovl  __FOUND
 2E00:0844  Ovl  __DBZAP
 2E00:084A  Ovl  __DELETED
 2E00:0850  Ovl  DBSEEK
 2E00:0856  Ovl  DBCOMMIT
 2E00:085C  Ovl  __RECNO
 2E00:0862  Ovl  DBCOMMITAL
 2E00:0868  Ovl  __LASTREC
 2E00:086E  Ovl  __FIELDNAME
 2E00:0874  Ovl  DBUNLOCK
 2E00:087A  Ovl  DBUNLOCKAL
 2E00:0880  Ovl  DBSKIP
 2E00:0886  Ovl  __FCOUNT
 2E00:088C  Ovl  __FSELECT0
 2E00:0892  Ovl  DBRLOCKLIS
 2E00:0898  Ovl  __FSELECT1
 2E00:089E  Ovl  DBGOTOP
 2E00:08A4  Ovl  DBRLOCK
 2E00:08B0  Ovl  USED
 2E00:08B6  Ovl  DBGOBOTTOM
 2E00:08BC  Ovl  ALIAS
 2E00:08C8  Ovl  DBGOTO
 2E00:08CE  Ovl  DBRUNLOCK
 2E00:08D4  Ovl  __AXPRIN
 2E00:08DA  Ovl  __LOCK
 2E00:08E0  Ovl  __V2ALIAS
 2E00:08E6  Ovl  __XAPPEND
 2E00:08F2  Ovl  DBCLEARFIL
 2E00:08F8  Ovl  DBSETFILTE
 2E00:08FE  Ovl  DBFILTER
 2E00:0904  Ovl  DBCLEARREL
 2E00:090A  Ovl  DBSETRELAT
 2E00:0910  Ovl  DBRELATION
 2E00:0916  Ovl  DBRSELECT
 2E00:0922  Ovl  __DBTRANS
 2E00:0928  Ovl  __DBTRANSR
 2E00:092E  Ovl  __DBFIELDINDEX
 2E00:0934  Ovl  ___DBBUILDTRANS
 2E00:0940  Ovl  __DBSETLOC
 2E00:0946  Ovl  __DBSETFOU
 2E00:0952  Ovl  HEADER
 2E00:0958  Ovl  RECSIZE
 2E00:095E  Ovl  LUPDATE
 2E00:0970  Ovl  DBSTRUCT
 2E00:0988  Ovl  __DBOPENSD
 2E00:098E  Ovl  DBCREATE
 2E00:099A  Ovl  __SDFOPEN
 2E00:09A0  Ovl  __SDFCREATE
 2E00:09A6  Ovl  __SDFDELETE
 2E00:09AC  Ovl  __SDFGOTOP
 2E00:09B8  Ovl  __SDFDELETED
 2E00:09BE  Ovl  __SDFSKIP
 2E00:09C4  Ovl  __SDFEOF
 2E00:09D0  Ovl  __SDFGETVALUE
 2E00:09D6  Ovl  __SDFAPPEND
 2E00:09E2  Ovl  __SDFNEW
 2E00:09E8  Ovl  __SDFCLOSE
 2E00:09EE  Ovl  __SDFSTRUCTSIZE
 2E00:09FA  Ovl  __SDFSYSNAME
 2E00:0A06  Ovl  __SDFSETFIELDEXTENT
 2E00:0A0C  Ovl  __SDFPUTVALUE
 2E00:0A12  Ovl  __SDFADDFIELD
 2E00:0A1E  Ovl  __SDFGETFUNCTABLE
 2E00:0A24  Ovl  _SDFINIT
 2E00:0A30  Ovl  FSEEK
 2E00:0A36  Ovl  FCREATE
 2E00:0A3C  Ovl  FERASE
 2E00:0A42  Ovl  FOPEN
 2E00:0A48  Ovl  FRENAME
 2E00:0A4E  Ovl  FERROR
 2E00:0A54  Ovl  FCLOSE
 2E00:0A5A  Ovl  FREAD
 2E00:0A60  Ovl  FREADSTR
 2E00:0A66  Ovl  FWRITE
 2E00:0A72  Ovl  __EMMGETALLOCPAGECOUNT
 2E00:0A78  Ovl  __EMMGETTOTALPAGECOUNT
 2E00:0A7E  Ovl  __EMMGETUNALLOCPAGECOUNT
 2E00:0A8A  Ovl  __EMMINSTALLED
 2E00:0A90  Ovl  __EXACTCMP
 2E00:0A9C  Ovl  GETENV
 2E00:0AA2  Ovl  GETE
 2E00:0AA8  Ovl  DISKSPACE
 2E00:0AB4  Ovl  CURDIR
 2E00:0ABA  Ovl  ISPRINTER
 2E00:0AC0  Ovl  TONE
 2E00:0AC6  Ovl  I2BIN
 2E00:0ACC  Ovl  BIN2I
 2E00:0AD2  Ovl  L2BIN
 2E00:0AD8  Ovl  BIN2L
 2E00:0ADE  Ovl  BIN2W
 2E00:0AE4  Ovl  ALLTRIM
 2E00:0AEA  Ovl  RIGHT
 2E00:0AF0  Ovl  DESCEND
 2E00:0AF6  Ovl  RAT
 2E00:0AFC  Ovl  PADL
 2E00:0B02  Ovl  PADR
 2E00:0B08  Ovl  PADC
 2E00:0B0E  Ovl  STRTRAN
 2E00:0B14  Ovl  MEMOLINE
 2E00:0B1A  Ovl  MLCOUNT
 2E00:0B26  Ovl  _LINELEN
 2E00:0B2C  Ovl  _FETCHAR
 2E00:0B38  Ovl  _ASCANSUB
 2E00:0B3E  Ovl  ASCAN
 2E00:0B56  Ovl  DIRECTORY
 2E00:0B86  Ovl  MEMOEDIT
 2E00:0CA0  Ovl  __TOTBROWS
 2E00:0CAC  Ovl  __XTBRSETUP
 2E00:0CD0  Ovl  __CCLASSNA
 2E00:0CD6  Ovl  __TOTBCOLU
 2E00:0CEE  Ovl  __TCURSROW
 2E00:0CF4  Ovl  _PAN
 2E00:0D00  Ovl  __TROWCOUN
 2E00:0D06  Ovl  __TLEFTVIS
 2E00:0D12  Ovl  __TRIGHTVI
 2E00:0D18  Ovl  __TUP
 2E00:0D1E  Ovl  __TCURSCOL
 2E00:0D24  Ovl  __TDOWN
 2E00:0D2A  Ovl  __TBBANG
 2E00:0D3C  Ovl  __TLEFT
 2E00:0D42  Ovl  __TEBANG
 2E00:0D54  Ovl  __TRIGHT
 2E00:0D5A  Ovl  __TSTABLE
 2E00:0D60  Ovl  __TINVALID
 2E00:0D66  Ovl  __TPGUP
 2E00:0D6C  Ovl  __TAUTOLIT
 2E00:0D72  Ovl  __TREFRESH
 2E00:0D78  Ovl  __TPGDN
 2E00:0D7E  Ovl  __TFREEZE
 2E00:0D8A  Ovl  __TLINEFRE
 2E00:0D90  Ovl  __THOME
 2E00:0D96  Ovl  __TSETCONF
 2E00:0D9C  Ovl  __TSTABILI
 2E00:0DA8  Ovl  __TBEND
 2E00:0DB4  Ovl  __TPANLEFT
 2E00:0DC0  Ovl  __TFORCEST
 2E00:0DC6  Ovl  __TPANRIGH
 2E00:0DCC  Ovl  __TGOTOP
 2E00:0DD2  Ovl  __TSETCURR
 2E00:0DDE  Ovl  __TGOBOTTO
 2E00:0DE4  Ovl  __TCLASSNA
 2E00:0DEA  Ovl  __TPANHOME
 2E00:0DF0  Ovl  __TSETCURC
 2E00:0E02  Ovl  __TPANEND
 2E00:0E08  Ovl  __THILITE
 2E00:0E0E  Ovl  __TDEHILIT
 2E00:0E14  Ovl  __TSETBBAN
 2E00:0E1A  Ovl  __TCOLORRE
 2E00:0E2C  Ovl  __TSETEBAN
 2E00:0E4A  Ovl  __TSETSTAB
 2E00:0E56  Ovl  __TSETAUTO
 2E00:0E62  Ovl  __TCOLWIDT
 2E00:0E68  Ovl  __TSETFREE
 2E00:0E7A  Ovl  _CDXINIT
 2E00:0E80  Ovl  __CDXPLACEKEYP
 2E00:0E86  Ovl  __CDXNEW
 2E00:0E8C  Ovl  __CDXGETFUNCTABLE
 2E00:0E92  Ovl  _CDXOPTIMIZE4SPEED
 2E00:0E98  Ovl  __CDXWEP
 2E00:0EA4  Ovl  __CDXORDERINFO
 2E00:0EAA  Ovl  __CDXSTRUCTSIZE
 2E00:0EB0  Ovl  __CDXGOHOT
 2E00:0EB6  Ovl  __CDXGOTOP
 2E00:0EBC  Ovl  __CDXGOBOTTOM
 2E00:0EC8  Ovl  __CDXSYSNAME
 2E00:0ECE  Ovl  __CDXGOTO
 2E00:0ED4  Ovl  __CDXPACK
 2E00:0EDA  Ovl  __CDXZAPTABLE
 2E00:0EE0  Ovl  __CDXGOTOID
 2E00:0EE6  Ovl  __CDXINDEXEXPR
 2E00:0EEC  Ovl  __CDXFLUSH
 2E00:0EF2  Ovl  __CDXFORCEREL
 2E00:0EF8  Ovl  __CDXSORT
 2E00:0EFE  Ovl  __CDXORDERLISTCLEAR
 2E00:0F04  Ovl  __CDXORDERBAGEXT
 2E00:0F10  Ovl  __CDXOPEN
 2E00:0F16  Ovl  __CDXCLOSE
 2E00:0F1C  Ovl  __CDXORDERCREATE
 2E00:0F22  Ovl  __CDXORDERLISTADD
 2E00:0F3A  Ovl  _CDXINDEXCREATE
 2E00:0F40  Ovl  __CDXISREINDEX
 2E00:0F46  Ovl  __CDXPLACEKEY
 2E00:0F4C  Ovl  _CDXINITTAGINDEX
 2E00:0F6A  Ovl  __CDXORDERLISTREBUILD
 2E00:0FF4  Ovl  _CDXINDEXGROW
 2E00:0FFA  Ovl  _CDXINDEXSHRINK
 2E00:1006  Ovl  __CDXCHKEXPR
 2E00:100C  Ovl  __CDXALIASXLATE
 2E00:1018  Ovl  _CDXINDEXOPEN
 2E00:1024  Ovl  _CDXLOCK
 2E00:102A  Ovl  _CDXUNLOCK
 2E00:1036  Ovl  _CDXTAGUNLOCK
 2E00:103C  Ovl  _CDXTAGLOCK
 2E00:1042  Ovl  __CDXTAGFINDKEY
 2E00:104E  Ovl  _SIXOPTIMIZE4SPEED
 2E00:1054  Ovl  __NSXWEP
 2E00:105A  Ovl  __NSXPLACEKEYP
 2E00:1060  Ovl  __NSXNEW
 2E00:1066  Ovl  _NSXINIT
 2E00:106C  Ovl  __NSXGETFUNCTABLE
 2E00:1078  Ovl  __NSXFLUSH
 2E00:107E  Ovl  __NSXFORCEREL
 2E00:1084  Ovl  __NSXSORT
 2E00:108A  Ovl  __NSXORDERLISTCLEAR
 2E00:1090  Ovl  __NSXSTRUCTSIZE
 2E00:1096  Ovl  __NSXORDERBAGEXT
 2E00:109C  Ovl  __NSXORDERINFO
 2E00:10A2  Ovl  __NSXGOTOP
 2E00:10A8  Ovl  __NSXGOHOT
 2E00:10AE  Ovl  __NSXGOBOTTOM
 2E00:10B4  Ovl  __NSXGOTO
 2E00:10BA  Ovl  __NSXGOTOID
 2E00:10C0  Ovl  __NSXSYSNAME
 2E00:10C6  Ovl  __NSXPACK
 2E00:10CC  Ovl  __NSXZAPTABLE
 2E00:10D8  Ovl  __NSXINDEXEXPR
 2E00:10E4  Ovl  __NSXOPEN
 2E00:10EA  Ovl  __NSXCLOSE
 2E00:10F0  Ovl  __NSXORDERCREATE
 2E00:10F6  Ovl  __NSXORDERLISTADD
 2E00:110E  Ovl  __NSXORDERLISTREBUILD
 2E00:1132  Ovl  _NSXINDEXCREATE
 2E00:1138  Ovl  __NSXISREINDEX
 2E00:113E  Ovl  __NSXPLACEKEY
 2E00:11BC  Ovl  _NSXINDEXGROW
 2E00:11C2  Ovl  _NSXINDEXSHRINK
 2E00:11CE  Ovl  _NSXINDEXOPEN
 2E00:11E0  Ovl  _NSXTAGLOCK
 2E00:11E6  Ovl  _NSXLOCK
 2E00:11EC  Ovl  _NSXUNLOCK
 2E00:11F8  Ovl  _NSXTAGUNLOCK
 2E00:11FE  Ovl  __NSXTAGFINDKEY
 2E00:1216  Ovl  __SMTAMEMOSIZE
 2E00:121C  Ovl  __SMTARRAYTOMEMO
 2E00:1222  Ovl  __SMTWRITEARRAY
 2E00:1228  Ovl  __SMTMEMOTOARRAY
 2E00:1240  Ovl  _SXDBFINIT
 2E00:1246  Ovl  __SXDBFPLACERECP
 2E00:124C  Ovl  __SXDBFGETFUNCTABLE
 2E00:1258  Ovl  __SXDBFRECCOUNT
 2E00:125E  Ovl  __SXDBFCHILDSYNC
 2E00:1264  Ovl  __SXDBFSYSNAME
 2E00:126A  Ovl  __SXDBFPACK
 2E00:1270  Ovl  __SXDBFSTRUCTSIZE
 2E00:1276  Ovl  __SXDBFCHILDEND
 2E00:127C  Ovl  __SXDBFCHILDSTART
 2E00:1282  Ovl  __SXDBFZAP
 2E00:1288  Ovl  __SXDBFDELETE
 2E00:128E  Ovl  __SXDBFRECALL
 2E00:1294  Ovl  __SXDBFPLACEREC
 2E00:129A  Ovl  __SXDBFINFO
 2E00:12A0  Ovl  __SXDBFSORT
 2E00:12AC  Ovl  __SXDBFDELETED
 2E00:12B2  Ovl  __SXDBFFORCEREL
 2E00:12B8  Ovl  __SXDBFSETFILTER
 2E00:12BE  Ovl  __SXDBFRECNO
 2E00:12CA  Ovl  SX_ENCRYPT
 2E00:12D0  Ovl  SX_DECRYPT
 2E00:12D6  Ovl  __SX_ENCRYPT
 2E00:12DC  Ovl  __SX_SETSEED
 2E00:12E2  Ovl  SX_SETPASS
 2E00:12E8  Ovl  __SX_DECRYPT
 2E00:12EE  Ovl  __SX_SETKEY
 2E00:12FA  Ovl  __SWOPENER
 2E00:1300  Ovl  _SWFLENGTH
 2E00:130C  Ovl  SX_ISREIND
 2E00:1312  Ovl  SX_KEYSINC
 2E00:1318  Ovl  SX_STEP
 2E00:131E  Ovl  SX_I_INDEX
 2E00:1324  Ovl  SX_I_TAGNA
 2E00:1330  Ovl  __SWORDERASNUMBER
 2E00:1336  Ovl  __SWORDERLISTFOCUS
 2E00:133C  Ovl  __SWORDSET
 2E00:1342  Ovl  _SWINDEXCLOSE
 2E00:1348  Ovl  __SWNUKETAG
 2E00:134E  Ovl  __SWADJUSTLIST
 2E00:135A  Ovl  __SWSEEK
 2E00:1360  Ovl  __SWSKIPRAW
 2E00:136C  Ovl  SX_KEYNO
 2E00:1372  Ovl  SX_KEYCOUN
 2E00:1384  Ovl  SX_KILLTAG
 2E00:138A  Ovl  __SWORDERDESTROY
 2E00:1396  Ovl  SX_TAGDELE
 2E00:13A8  Ovl  __SEXRLCK
 2E00:13AE  Ovl  __SEXRUNL
 2E00:13B4  Ovl  __SEXFLCK
 2E00:13BA  Ovl  __SEXFUNL
 2E00:13C0  Ovl  __SEXALCK
 2E00:13C6  Ovl  __SEXAUNL
 2E00:13CC  Ovl  __SEXWPCHK
 2E00:13D2  Ovl  _SEXLOCK
 2E00:13D8  Ovl  _SEXUNLOCK
 2E00:13E4  Ovl  __SWFINDFREEBLOCK
 2E00:13EA  Ovl  __SWFLUSHMEMOROOT
 2E00:13F0  Ovl  __SWISFREEBLOCK
 2E00:13F6  Ovl  __SWINSERTFREEBLOCK
 2E00:13FC  Ovl  __SWKILLMEMOROOT
 2E00:1402  Ovl  __SWEXPANDLASTBLOCK
 2E00:1408  Ovl  __SWREADMEMOROOT
 2E00:140E  Ovl  __SWGETFREEBLOCK
 2E00:141A  Ovl  __SXENCMEMOREAD
 2E00:1420  Ovl  __SXENCMEMOWRITE
 2E00:142C  Ovl  __SWCONDCLEAR
 2E00:1432  Ovl  __SEXORDERCONDITION
 2E00:1438  Ovl  _SXCONDSET
 2E00:1444  Ovl  ___CDXPAGEREAD
 2E00:144A  Ovl  ___CDXPAGEAPPEND
 2E00:1450  Ovl  ___NSXPAGEREAD
 2E00:1456  Ovl  ___NSXPAGEREADLOCK
 2E00:145C  Ovl  ___CDXPAGEREADLOCK
 2E00:1468  Ovl  __SXISLOCKED
 2E00:146E  Ovl  __SXRLOCK
 2E00:1474  Ovl  __SXUNLOCK
 2E00:147A  Ovl  __SXGETLOCKS
 2E00:1480  Ovl  __SXDBFUNLOCK
 2E00:148C  Ovl  _SWFINDTAG
 2E00:1492  Ovl  __SWSURFACE
 2E00:1498  Ovl  _SWFINDINDEX
 2E00:14A4  Ovl  _SX_TRIGVA
 2E00:14AA  Ovl  SX_SETTRIG
 2E00:14B0  Ovl  __SXCALLTRIGGER
 2E00:14BC  Ovl  __SXPARSENAME
 2E00:14C2  Ovl  __SXGETEXT
 2E00:14C8  Ovl  __CDXSWAPBYTES
 2E00:14CE  Ovl  __SEXTRIM_N
 2E00:14D4  Ovl  __SXMAKESTR
 2E00:14DA  Ovl  __CLIPALLOC
 2E00:14E0  Ovl  __CLIPFREE
 2E00:14E6  Ovl  __SXNAMEEXT
 2E00:14F2  Ovl  __SXSMARTUPPER
 2E00:14F8  Ovl  __SWOURDBFDRIVER
 2E00:14FE  Ovl  _SWPARM2TYPE
 2E00:1504  Ovl  __SXSWAPBYTES
 2E00:1510  Ovl  __VFGETLEN
 2E00:151C  Ovl  __VFGETBLOCK
 2E00:1522  Ovl  SX_DTOP
 2E00:1528  Ovl  SX_PTOD
 2E00:153A  Ovl  __VFPUTBLOCK
 2E00:1540  Ovl  SX_VFGET
 2E00:154C  Ovl  __VFPUTVALUE
 2E00:1552  Ovl  __VFGETVALUE
 2E00:1558  Ovl  __VFGETTYPE
 2E00:155E  Ovl  _M6ADDSCOP
 2E00:156A  Ovl  ___M6FREESIMPLE
 2E00:1570  Ovl  ___M6CREATEMAP
 2E00:1582  Ovl  ___M6CASEAND
 2E00:1588  Ovl  ___M6CASENOT
 2E00:158E  Ovl  ___M6CASEOR
 2E00:159A  Ovl  ___M6INITSTRUCTS
 2E00:15A0  Ovl  __M6STRUCTSIZE
 2E00:15A6  Ovl  __M6GOCOLD
 2E00:15AC  Ovl  __M6CLOSE
 2E00:15B2  Ovl  __M6SETFILTER
 2E00:15B8  Ovl  __M6CLEARFILTER
 2E00:15BE  Ovl  __M6PACK
 2E00:15CA  Ovl  ___M6EQUALS
 2E00:15D0  Ovl  ___M6CURRENT
 2E00:15DC  Ovl  M6_RECCOUN
 2E00:15E2  Ovl  _M6SET
 2E00:15E8  Ovl  ___M6RECCOUNT
 2E00:15EE  Ovl  M6_ERROR
 2E00:15F4  Ovl  ___M6ERROR
 2E00:1600  Ovl  ___M6FREETOKE
 2E00:1606  Ovl  ___M6DROPMAP
 2E00:160C  Ovl  ___M6EVALUATE
 2E00:1618  Ovl  ___M6NEXTFILTERREC
 2E00:161E  Ovl  ___M6NEXTBITRAW
 2E00:1624  Ovl  __M6SKIPFILTER
 2E00:1630  Ovl  ___M6INITFILTER
 2E00:1636  Ovl  ___M6KILLFILTER
 2E00:163C  Ovl  M6_ISFILTE
 2E00:1642  Ovl  M6_REFRESH
 2E00:1648  Ovl  M6_DBFILTE
 2E00:164E  Ovl  ___M6GETVALUE
 2E00:1654  Ovl  ___M6GREATER
 2E00:165A  Ovl  M6INIT
 2E00:1660  Ovl  ___M6INSTR
 2E00:166C  Ovl  ___M6FOXEMPTY
 2E00:1672  Ovl  ___M6FOXDATA
 2E00:1678  Ovl  ___M6ISKEY
 2E00:167E  Ovl  ___M6ISKEYEXPR
 2E00:1684  Ovl  ___M6ALIASTRIM
 2E00:1690  Ovl  ___M6ISOPT
 2E00:1696  Ovl  _M6ISOPTIM
 2E00:169C  Ovl  ___M6LESS
 2E00:16A8  Ovl  ___M6MAPCOPY
 2E00:16AE  Ovl  M6_FILTCOP
 2E00:16B4  Ovl  ___M6FREELOCATE
 2E00:16BA  Ovl  _M6CONTINU
 2E00:16C6  Ovl  ___M6EVALAND
 2E00:16CC  Ovl  ___M6EVALOR
 2E00:16D2  Ovl  ___M6EVALNOT
 2E00:16D8  Ovl  ___M6EVALXOR
 2E00:16DE  Ovl  ___M6NOTEQUALS
 2E00:16EA  Ovl  ___M6OPTIMIZEDELETED
 2E00:16F0  Ovl  ___M6OPTIMIZEPARTIAL
 2E00:16F6  Ovl  _M6TRANSOR
 2E00:16FC  Ovl  __M6OURDRIVER
 2E00:1702  Ovl  ___M6ISRANGE
 2E00:170E  Ovl  M6_FILTCOU
 2E00:1714  Ovl  M6_FILTADD
 2E00:171A  Ovl  M6_FREEFIL
 2E00:1720  Ovl  M6_FILTPOS
 2E00:1726  Ovl  ___M6TOGGLEBIT
 2E00:172C  Ovl  M6_FILTDRO
 2E00:1732  Ovl  M6_FILTINF
 2E00:1738  Ovl  M6_SETAREA
 2E00:173E  Ovl  M6_FILTCHG
 2E00:1744  Ovl  M6_GETAREA
 2E00:174A  Ovl  M6_FILTJOI
 2E00:1750  Ovl  M6_ISFILTR
 2E00:1756  Ovl  M6_CHGOWNE
 2E00:175C  Ovl  M6_FILTINV
 2E00:1762  Ovl  ___M6ADDDROPGETP
 2E00:1768  Ovl  _M6EMPTYFI
 2E00:1774  Ovl  _M6SETCMDF
 2E00:177A  Ovl  _M6RESTCMD
 2E00:1786  Ovl  ___M6ISUPPER
 2E00:178C  Ovl  ___M6ISYEARDATE
 2E00:1792  Ovl  ___M6ISYEARDTOS
 2E00:1798  Ovl  ___M6ISEMPTY
 2E00:17B0  Ovl  ___M6STACKEXPR
 2E00:17B6  Ovl  ___M6ISBADEXPR
 2E00:17BC  Ovl  ___M6STACKAND
 2E00:17C2  Ovl  ___M6STACKOR
 2E00:17C8  Ovl  ___M6STACKNOT
 2E00:17CE  Ovl  ___M6SIMPSTRING
 2E00:17DA  Ovl  ___M6ISSUBSTR
 2E00:17E0  Ovl  ___M6MEMCHR
 2E00:17E6  Ovl  ___M6INCSTR
 2E00:17EC  Ovl  ___M6AREYOUSPACED
 2E00:17F2  Ovl  ___M6MATCHPAREN
 2E00:17F8  Ovl  ___M6MATCHPARENQ
 2E00:17FE  Ovl  ___M6SETWHILE
 2E00:1816  Ovl  ___M6MATCHBRACK
 2E00:181C  Ovl  ___M6TOKENIZE
 2E00:1834  Ovl  ___M6TRANSP
 2E00:183A  Ovl  ___M6KIND
 2E00:1840  Ovl  ___M6PRIORITY
 2E00:1846  Ovl  ___M6TRANSLATE
 2E00:184C  Ovl  _M6ISCLIPV
 2E00:1858  Ovl  ___M6NEWMAP
 2E00:185E  Ovl  ___M6BITNO
 2E00:1864  Ovl  ___M6UNLOCKALL
 2E00:186A  Ovl  ___M6FREEMAP
 2E00:1870  Ovl  ___M6NEXTHANDLE
 2E00:1876  Ovl  ___M6HANDLE2MAP
 2E00:187C  Ovl  ___M6TOUCHBIT
 2E00:1882  Ovl  ___M6ISSET
 2E00:1888  Ovl  ___M6GOBIT
 2E00:188E  Ovl  ___M6NEXTBIT
 2E00:1894  Ovl  ___M6BITCOUNT
 2E00:189A  Ovl  ___M6ISMAPEMPTY
 2E00:18A0  Ovl  _M6ERROR
 2E00:18AC  Ovl  __PAGE_UNLOCK
 2E00:18BE  Ovl  __PAGE_READLOCK
 2E00:18CA  Ovl  __PAGE_READ
 2E00:18DC  Ovl  __PAGE_UPDATE
 2E00:18E8  Ovl  __PAGE_WRITE
 2E00:18EE  Ovl  __DISKIOSLR
 2E00:18F4  Ovl  __PAGE_FLUSH
 2E00:18FA  Ovl  __XPAGE_READ
 2E00:1900  Ovl  __PAGE_CLEAR
 2E00:1906  Ovl  __XPAGE_UPDATE
 2E00:1918  Ovl  __PAGE_APPEND
 2E00:1924  Ovl  __SORTSETFIELD
 2E00:192A  Ovl  _MERGE
 2E00:1930  Ovl  __SORTSORT
 2E00:1936  Ovl  __SORTADVANCE
 2E00:1942  Ovl  __SORTCOMPLETE
 2E00:1948  Ovl  __SORTEND
 2E00:19A2  Ovl  __SORTINIT
 2F9B:0212  Res  _BLIDEMCAL
 2F9B:0219  Res  _BLIDEMDTE
 2F9B:0272  Res  _BLIDEMMIN
 2F9B:0279  Res  _BLIERRNUM
 2F9B:027E  Res  _BLIERRPRM
 2F9B:0288  Res  _BLIOVLOPS
 2F9B:0292  Res  _BLIOVLRES
 2F9B:02CD  Res  _BLIOVLSIZ
 2F9B:02D7  Res  _BLIOVLSUS
 2F9B:0312  Res  _BLIREINIT
 2F9B:0312  Res  $$VMREINIT
 2F9B:0344  Res  _BLISERNUM
 2F9B:034A  Res  $$VMUNHOOK
 2F9B:034A  Res  _BLIUNHOOK
 2F9B:038E  Res  _BLIVERNUM
 2F9B:0746  Res  $$$OVLEND
 2F9B:08FF  Res  $$$OVLDEF
 2F9B:1018  Res  _BLITOTACT
 2F9B:1028  Res  _BLITOTLOD
 2F9B:1046  Res  _BLITOTSIZ
 2F9B:21B8  Res  $$$OVLERR
 2F9B:21CA  Res  $$$OVLINI
 2F9B:23EC  Res  $$$OVLCLP
 2F9B:240C  Res  BLICALNUM
 2F9B:2415  Res  BLIDEMCAL
 2F9B:2420  Res  BLIDEMDTE
 2F9B:2428  Res  BLIDEMMIN
 2F9B:2433  Res  BLIERRNUM
 2F9B:243B  Res  BLIERRPRM
 2F9B:2443  Res  BLIMEMPAK
 2F9B:2461  Res  BLIOVLCLR
 2F9B:2478  Res  BLIOVLOPS
 2F9B:2480  Res  BLIOVLRES
 2F9B:2486  Res  BLIOVLSIZ
 2F9B:248E  Res  BLIOVLSUS
 2F9B:2497  Res  BLIREINIT
 2F9B:249D  Res  BLISERNUM
 2F9B:24A5  Res  BLIUNHOOK
 2F9B:24AB  Res  BLIVERNUM
 2F9B:259C  Res  $$$OVLPRM
 2F9B:2813  Res  $$$OVLDAT
 2F9B:28AE  Res  $$$OVLPRC
 2F9B:2967  Res  $$$KRNSEG
 3331:0000  Res  __WEEDBED
 3865:0000  Res  __WEEDEND
 3881:0000  Res  _T_START
 3881:0188  Res  _T_TRAN
 3881:05BA  Res  _ACCESSOR
 3881:0740  Res  _N_START
 3881:08C8  Res  _N_TRAN
 3881:0E84  Res  _D_RED
 3881:100A  Res  _R_START
 3881:1192  Res  _R_SYMB
 3881:1434  Res  _R_PROD
 3881:16D6  Res  _P_LENGTH
 3881:17E0  Res  _H_SYMBOL
 3881:18EA  Res  _STUFF
 3A3B:0000  Res  _SEXEMPTY
 3A3B:0002  Res  __SXCOPYRIGHT
 3A3E:0000  Res  __SXDEFTRIGGERNAME
 3A3F:0000  Res  _SEXMTOOMANYTAGS
 3A42:0000  Res  _SEXMCORRUPTED
 3A42:001C  Res  _SEXMKEYTOOLONG
 3A42:0034  Res  _SEXMCANTFINDKEY
 3A42:0056  Res  _SEXMINVALIDKEYLEN
 3A42:006A  Res  _SEXMBADINDEXEXPR
 3A42:0080  Res  _SEXMLOCKTIMEOUT
 3A42:008E  Res  _SEXMNOSTRUCTURAL
 3A42:00AC  Res  _SEXMINVALIDORDER
 3A42:00BC  Res  _SEXMNOMEMO
 3A42:00D8  Res  _SEXMNONCOMPACT
 3AAB:0000  Res  __CDXSUPER
 3AAB:0128  Res  __NSXSUPER
 3AAB:0250  Res  _SEXKEYBUFFER
 3AAB:0450  Res  _SEXBUFFER
 3AAB:0550  Res  _SXTAGINFO
 3AAB:05A4  Res  __M6SUPER
 3B18:0048  Res  _NTXMEMOSDD
 3B18:007E  Res  _CDXMEMOSDD
 3B18:00B4  Res  _NSXMEMOSDD
 3B18:00EA  Res  __MEMOEXT
 3B18:0180  Res  _CK_ERR_LIST
 3B18:03E4  Res  _DAYS_OF_MONTH
 3B18:0430  Res  _HP_ERRO
 3B18:0656  Res  _IO_DOSERROR
 3B18:06B4  Res  _H_ERRNO
 3B18:06B6  Res  _HANDLER_INSTALLED
 3B18:06B8  Res  __ASIZDS
 3B18:06BA  Res  __ATOPSP
 3B18:06BC  Res  __AEXIT_RTN
 3B18:06BE  Res  __ABRKTB
 3B18:070E  Res  __ABRKTBE
 3B18:070E  Res  __ABRKP
 3B18:0710  Res  __ACFINFO
 3B18:071D  Res  __AINTDIV
 3B18:0721  Res  __FAC
 3B18:0729  Res  _ERRNO
 3B18:072B  Res  __UMASKVAL
 3B18:072D  Res  __PSPADR
 3B18:072F  Res  __PSP
 3B18:0731  Res  __DOSVERMAJOR
 3B18:0731  Res  __OSMAJOR
 3B18:0731  Res  __OSVERSION
 3B18:0732  Res  __DOSVERMINOR
 3B18:0732  Res  __OSMINOR
 3B18:0733  Res  __OSMODE
 3B18:0734  Res  __DOSERRNO
 3B18:0734  Res  __OSERR
 3B18:0736  Res  __NFILE
 3B18:0738  Res  __OSFILE
 3B18:074C  Res  ___ARGC
 3B18:074E  Res  ___ARGV
 3B18:0752  Res  _ENVIRON
 3B18:0756  Res  __PGMPTR
 3B18:075C  Res  __CHILD
 3B18:075E  Res  __OVLFLAG
 3B18:075F  Res  __INTNO
 3B18:0760  Res  __OVLVEC
 3B18:0764  Res  __ADBGMSG
 3B18:0780  Res  _HUGE
 3B18:0788  Res  __MATHERR_FLAG
 3B18:078A  Res  OPTAB
 3B18:07B0  Res  __FCSP
 3B18:07B2  Res  __FPSIGADR
 3B18:07B6  Res  __FCTMP
 3B18:0920  Res  __FCTOPST
 3B18:0934  Res  $I8_RESULT
 3B18:0934  Res  $I4_RESULT
 3B18:096C  Res  $I4_ROUND_FLAG
 3B18:096D  Res  $I4_ROUND_EXP
 3B18:096F  Res  $I4_AC_HI
 3B18:0973  Res  $I4_AC_LO
 3B18:0984  Res  $I8_ROUND_FLAG
 3B18:0985  Res  $I8_ROUND_EXP
 3B18:0987  Res  $I8_AC_HI
 3B18:098F  Res  $I8_AC_LO
 3B18:0A20  Res  $I8_HALF
 3B18:0A28  Res  $I8_ONE
 3B18:0A30  Res  $I8_TWO
 3B18:0A38  Res  $I8_ARG
 3B18:0A40  Res  $I8_TEMP
 3B18:0A61  Res  $I8_LOG_HI
 3B18:0A69  Res  $I8_LOG_LO
 3B18:0AD6  Res  $I8_Z
 3B18:0ADE  Res  $I8_ZZ
 3B18:0AE6  Res  $I8_PZZ
 3B18:0AFE  Res  $I8_INPUT_WS
 3B18:0AFF  Res  $I8_IMPLICIT_EXP
 3B18:0B74  Res  __SFIELDS
 3B18:0B78  Res  __SFCOUNT
 3B18:0B7A  Res  __SLBASE
 3B18:0B7E  Res  __SRBASE
 3B18:0B82  Res  __SRSIZE
 3B18:0B8A  Res  __TERROR
 3B18:0B8C  Res  __HORROR
 3B18:0B8E  Res  __TVERSION
 3B18:0B90  Res  __TXERROR
 3B18:0B92  Res  __TXCLASS
 3B18:0B94  Res  __TXACTION
 3B18:0B96  Res  __TXLOCUS
 3B18:0D56  Res  __MSCONFLICT1
 3B18:0D56  Res  __CFLTCVT_TAB
 3B18:0DE6  Res  __XARGC
 3B18:0DE8  Res  __XARGV
 3B18:0E5A  Res  C50R100
 3B18:0E5C  Res  CLIPPER520
 3B18:0F62  Res  __EVKBDENTRY
 3B18:0F8C  Res  _DMOD_TABLE
 3B18:0FB6  Res  __OGEN0
 3B18:1052  Res  __OGEN1
 3B18:10EE  Res  __OGEN
 3B18:10F2  Res  __OBOUNDS
 3B18:10FA  Res  __OPF
 3B18:10FC  Res  __OPX
 3B18:113E  Res  __XLOCK
 3B18:1140  Res  __XGRIP1
 3B18:1142  Res  __XGRIP2
 3B18:1144  Res  __XGRIP3
 3B18:1146  Res  __XSEGMIN
 3B18:1148  Res  __XSAFE
 3B18:1180  Res  __SYMEVAL
 3B18:1188  Res  __IBPUSHTRAN
 3B18:118C  Res  __IBEVALTRAN
 3B18:1190  Res  __EVAL
 3B18:1192  Res  __TOS
 3B18:1194  Res  __EVALHIGH
 3B18:1196  Res  __ESTATLOW
 3B18:1198  Res  __ESTAT
 3B18:119A  Res  __EEXTENT
 3B18:119C  Res  __LBASE
 3B18:119E  Res  __FBASE
 3B18:11A0  Res  __SBASE
 3B18:11A2  Res  __PCOUNT
 3B18:11A4  Res  __FZZCOUNT
 3B18:11A8  Res  __LINE_NUM
 3B18:11AA  Res  __XLINE
 3B18:11AC  Res  __SYSFLAGS
 3B18:11B6  Res  __MSTACK
 3B18:11BA  Res  __MLINK
 3B18:11BE  Res  __MCOUNT
 3B18:11C0  Res  __MTOP
 3B18:11C2  Res  __MBP
 3B18:11C4  Res  __PTOP
 3B18:12C6  Res  __SET
 3B18:1342  Res  __SETHANDLER
 3B18:14CA  Res  __ERRORDICT
 3B18:14D6  Res  __SALT
 3B18:14D8  Res  __NETERR
 3B18:166A  Res  __FSEGS
 3B18:166E  Res  __LONESEGS
 3B18:167C  Res  __OSEGS
 3B18:22BE  Res  __STACKBASE
 3B18:22C0  Res  __STACKSLOP
 3B18:234A  Res  _PRESERVE1
 3B18:234E  Res  _PRESERVE2
 3B18:2352  Res  _OVERLAYTOP
 3B18:2354  Res  _OVERLAYLINE
 3B18:2356  Res  _OVERLAYLEVEL
 3B18:2358  Res  __MEMCOUNT
 3B18:235A  Res  __DISKIODROP
 3B18:235E  Res  _SWAPLOWEVENTID
 3B18:2360  Res  _RECEIVERHANDLE
 3B18:26EA  Res  _MACRO_ERROR
 3B18:2DAA  Res  _REZ_ALIAS
 3B18:2FF0  Res  __MACROP
 3B18:3060  Res  __PFVERSION
 3B18:3062  Res  __PFLOCK
 3B18:3064  Res  __DYN_GETPP
 3B18:3068  Res  __DBGCOMM
 3B18:31BE  Res  __PREEXTP
 3B18:31C2  Res  __POSTEXTP
 3B18:31C6  Res  __ALERTP
 3B18:3324  Res  __NO_SNOW
 3B18:3326  Res  __NBUFF
 3B18:3414  Res  __TCSTR
 3B18:3418  Res  __TCLEN
 3B18:3484  Res  __COLORCOUNT
 3B18:3486  Res  __COLORS
 3B18:3502  Res  __TBUFF
 3B18:3506  Res  __TBUFFSIZE
 3B18:353E  Res  __GETDICT
 3B18:3776  Res  _VGETSYS
 3B18:37CA  Res  __SELECTION
 3B18:37D0  Res  __WORKAREAS
 3B18:3918  Res  __WAFUNCTABLE
 3B18:3A68  Res  __SDFSUPER
 3B18:3BA8  Res  _VSDF
 3B18:3D06  Res  __NASCII
 3B18:3D08  Res  __NDBCS
 3B18:480C  Res  _VDISPLAY
 3B18:496A  Res  _VKEYBOARD
 3B18:4A2A  Res  _VSIXCDX
 3B18:4A66  Res  _CDXIDXSDD
 3B18:4AAE  Res  __CDXFUNCTABLE
 3B18:4C76  Res  __CDXDIRECT
 3B18:4D34  Res  _VSIXNSX
 3B18:4D70  Res  _NSXIDXSDD
 3B18:4DB8  Res  __NSXFUNCTABLE
 3B18:4F6A  Res  __NSXDIRECT
 3B18:4FEC  Res  __SWSKIPOPT
 3B18:4FEE  Res  __SWSKIPCNT
 3B18:4FF0  Res  __SEXFPATH
 3B18:4FF4  Res  __SEXERROR
 3B18:4FF6  Res  _SEXDIRTYREAD
 3B18:4FF8  Res  _SEXSORTOPTION
 3B18:4FFA  Res  _SLOCALERR
 3B18:501E  Res  __SEXLOCKRETRY
 3B18:5020  Res  _UIKEYDUPECNT
 3B18:5022  Res  _UIKEYITEMLEN
 3B18:5024  Res  _UIKEYTRAIL
 3B18:5026  Res  _ULKEYRECNO
 3B18:502A  Res  ___SWCHKHIGHLOW
 3B18:502E  Res  ___SWSCOPEEND
 3B18:5032  Res  __SEXISREINDEX
 3B18:5034  Res  _SEXIINFO
 3B18:5044  Res  _CPDEFTRIGGER
 3B18:5048  Res  _CPPENDTRIGGER
 3B18:504C  Res  _CADEFCODE
 3B18:5056  Res  _SXENCRBUFF
 3B18:505A  Res  _SXENCRBUFFSIZE
 3B18:505C  Res  __SEXAUTOOPEN
 3B18:505E  Res  __SEXAUTOSHARE
 3B18:5060  Res  __SEXMEMOSIZE
 3B18:5064  Res  __SEXMEMOCHANGED
 3B18:5066  Res  _BHAVEMEMOEXT
 3B18:5068  Res  __SEXSKIP0REFRESH
 3B18:506A  Res  __SEXSTRUCTURALCHECK
 3B18:51E8  Res  _VSXDBF
 3B18:521E  Res  __SWMEMOSIGNATURE
 3B18:5228  Res  __SWSTACK
 3B18:547E  Res  _CBIT_ON
 3B18:5486  Res  _CBIT_OFF
 3B18:5492  Res  __DYN_USED
 3B18:5502  Res  __PAGE_ERROR
 3B18:5504  Res  __PAGE_GOT
 3B18:5556  Res  ___SYMPB
 3B18:5566  Res  ___SYMPE
 3B18:5568  Res  __FPINIT
 3B18:5584  Res  __DYNINA
 3B18:5588  Res  __MACROINA
 3B18:55B0  Res  _VMACRO
 3B18:55B0  Res  __LTABLE
 3B18:55B0  Res  _VDB
 3B18:55B0  Res  _VOPS
 3B18:55B0  Res  _VPICT
 3B18:55B0  Res  _VTERM
 3B18:5926  Res  _EDATA
 3B18:5926  Res  __EDATA
 3B18:5B20  Res  _FILE_BUFF
 3B18:64B0  Res  _THEGET
 3B18:64B2  Res  _THEGINFO
 3B18:64DE  Res  _THEBUFF
 3B18:64E2  Res  _THEBUFFLEN
 3B18:64E4  Res  _THETEMP
 3B18:64E8  Res  _THETEMPLEN
 3B18:64EA  Res  _EBREAK
 3B18:64EC  Res  _FPMEMOREAD
 3B18:64F0  Res  _FPMEMOWRITE
 3B18:64F4  Res  __SXDBFSUPER
 3B18:661C  Res  __AM6SET
 3B18:6630  Res  __END
 3B18:6630  Res  _END

 Program entry point at 2F9B:000C
